-- The C compiler identification is GNU 13.3.0
-- The CXX compiler identification is GNU 13.3.0
-- Detecting C compiler ABI info
-- Detecting C compiler ABI info - done
-- Check for working C compiler: /usr/bin/cc - skipped
-- Detecting C compile features
-- Detecting C compile features - done
-- Detecting CXX compiler ABI info
-- Detecting CXX compiler ABI info - done
-- Check for working CXX compiler: /usr/bin/c++ - skipped
-- Detecting CXX compile features
-- Detecting CXX compile features - done
-- Found ament_cmake: 2.5.5 (/opt/ros/jazzy/share/ament_cmake/cmake)
-- Found Python3: /usr/bin/python3 (found version "3.12.3") found components: Interpreter 
-- Override CMake install command with custom implementation using symlinks instead of copying resources
-- Configuring done (1.0s)
-- Generating done (0.0s)
-- Build files have been written to: /home/kareem/Desktop/Matem_repo/build/arm_description
-- Install configuration: ""
-- Execute custom install script
-- Symlinking: /home/kareem/Desktop/Matem_repo/install/arm_description/share/arm_description/urdf/arm.urdf.xacro
-- Symlinking: /home/kareem/Desktop/Matem_repo/install/arm_description/share/arm_description/meshes/EE.STL
-- Symlinking: /home/kareem/Desktop/Matem_repo/install/arm_description/share/arm_description/meshes/Link2.STL
-- Symlinking: /home/kareem/Desktop/Matem_repo/install/arm_description/share/arm_description/meshes/Link3.STL
-- Symlinking: /home/kareem/Desktop/Matem_repo/install/arm_description/share/arm_description/meshes/Link4.STL
-- Symlinking: /home/kareem/Desktop/Matem_repo/install/arm_description/share/arm_description/meshes/Link_1.STL
-- Symlinking: /home/kareem/Desktop/Matem_repo/install/arm_description/share/arm_description/meshes/base_link.STL
-- Symlinking: /home/kareem/Desktop/Matem_repo/install/arm_description/share/arm_description/rviz/manual_arm.rviz
-- Symlinking: /home/kareem/Desktop/Matem_repo/install/arm_description/share/ament_index/resource_index/package_run_dependencies/arm_description
-- Symlinking: /home/kareem/Desktop/Matem_repo/install/arm_description/share/ament_index/resource_index/parent_prefix_path/arm_description
-- Symlinking: /home/kareem/Desktop/Matem_repo/install/arm_description/share/arm_description/environment/ament_prefix_path.sh
-- Symlinking: /home/kareem/Desktop/Matem_repo/install/arm_description/share/arm_description/environment/ament_prefix_path.dsv
-- Symlinking: /home/kareem/Desktop/Matem_repo/install/arm_description/share/arm_description/environment/path.sh
-- Symlinking: /home/kareem/Desktop/Matem_repo/install/arm_description/share/arm_description/environment/path.dsv
-- Symlinking: /home/kareem/Desktop/Matem_repo/install/arm_description/share/arm_description/local_setup.bash
-- Symlinking: /home/kareem/Desktop/Matem_repo/install/arm_description/share/arm_description/local_setup.sh
-- Symlinking: /home/kareem/Desktop/Matem_repo/install/arm_description/share/arm_description/local_setup.zsh
-- Symlinking: /home/kareem/Desktop/Matem_repo/install/arm_description/share/arm_description/local_setup.dsv
-- Symlinking: /home/kareem/Desktop/Matem_repo/install/arm_description/share/arm_description/package.dsv
-- Symlinking: /home/kareem/Desktop/Matem_repo/install/arm_description/share/ament_index/resource_index/packages/arm_description
-- Symlinking: /home/kareem/Desktop/Matem_repo/install/arm_description/share/arm_description/cmake/arm_descriptionConfig.cmake
-- Symlinking: /home/kareem/Desktop/Matem_repo/install/arm_description/share/arm_description/cmake/arm_descriptionConfig-version.cmake
-- Symlinking: /home/kareem/Desktop/Matem_repo/install/arm_description/share/arm_description/package.xml
