[0.132s] DEBUG:colcon:Command line arguments: ['/usr/bin/colcon', 'build', '--symlink-install']
[0.132s] DEBUG:colcon:Parsed command line arguments: Namespace(log_base=None, log_level=None, verb_name='build', build_base='build', install_base='install', merge_install=False, symlink_install=True, test_result_base=None, continue_on_error=False, executor='parallel', parallel_workers=20, event_handlers=None, ignore_user_meta=False, metas=['./colcon.meta'], base_paths=['.'], packages_ignore=None, packages_ignore_regex=None, paths=None, packages_up_to=None, packages_up_to_regex=None, packages_above=None, packages_above_and_dependencies=None, packages_above_depth=None, packages_select_by_dep=None, packages_skip_by_dep=None, packages_skip_up_to=None, packages_select_build_failed=False, packages_skip_build_finished=False, packages_select_test_failures=False, packages_skip_test_passed=False, packages_select=None, packages_skip=None, packages_select_regex=None, packages_skip_regex=None, packages_start=None, packages_end=None, allow_overriding=[], cmake_args=None, cmake_target=None, cmake_target_skip_unavailable=False, cmake_clean_cache=False, cmake_clean_first=False, cmake_force_configure=False, ament_cmake_args=None, catkin_cmake_args=None, catkin_skip_building_tests=False, mixin_files=None, mixin=None, verb_parser=<colcon_mixin.mixin.mixin_argument.MixinArgumentDecorator object at 0x7fb6b183c230>, verb_extension=<colcon_core.verb.build.BuildVerb object at 0x7fb6b183c050>, main=<bound method BuildVerb.main of <colcon_core.verb.build.BuildVerb object at 0x7fb6b183c050>>, mixin_verb=('build',))
[0.183s] Level 1:colcon.colcon_core.package_discovery:discover_packages(colcon_meta) check parameters
[0.184s] Level 1:colcon.colcon_core.package_discovery:discover_packages(recursive) check parameters
[0.184s] Level 1:colcon.colcon_core.package_discovery:discover_packages(ignore) check parameters
[0.184s] Level 1:colcon.colcon_core.package_discovery:discover_packages(path) check parameters
[0.184s] Level 1:colcon.colcon_core.package_discovery:discover_packages(colcon_meta) discover
[0.184s] Level 1:colcon.colcon_core.package_discovery:discover_packages(recursive) discover
[0.184s] INFO:colcon.colcon_core.package_discovery:Crawling recursively for packages in '/home/kareem/Desktop/Matem_repo'
[0.184s] Level 1:colcon.colcon_core.package_identification:_identify(.) by extensions ['ignore', 'ignore_ament_install']
[0.184s] Level 1:colcon.colcon_core.package_identification:_identify(.) by extension 'ignore'
[0.184s] Level 1:colcon.colcon_core.package_identification:_identify(.) by extension 'ignore_ament_install'
[0.185s] Level 1:colcon.colcon_core.package_identification:_identify(.) by extensions ['colcon_pkg']
[0.185s] Level 1:colcon.colcon_core.package_identification:_identify(.) by extension 'colcon_pkg'
[0.185s] Level 1:colcon.colcon_core.package_identification:_identify(.) by extensions ['colcon_meta']
[0.185s] Level 1:colcon.colcon_core.package_identification:_identify(.) by extension 'colcon_meta'
[0.185s] Level 1:colcon.colcon_core.package_identification:_identify(.) by extensions ['ros']
[0.185s] Level 1:colcon.colcon_core.package_identification:_identify(.) by extension 'ros'
[0.220s] Level 1:colcon.colcon_core.package_identification:_identify(.) by extensions ['cmake', 'python']
[0.220s] Level 1:colcon.colcon_core.package_identification:_identify(.) by extension 'cmake'
[0.220s] Level 1:colcon.colcon_core.package_identification:_identify(.) by extension 'python'
[0.220s] Level 1:colcon.colcon_core.package_identification:_identify(.) by extensions ['python_setup_py']
[0.220s] Level 1:colcon.colcon_core.package_identification:_identify(.) by extension 'python_setup_py'
[0.220s] Level 1:colcon.colcon_core.package_identification:_identify(build) by extensions ['ignore', 'ignore_ament_install']
[0.220s] Level 1:colcon.colcon_core.package_identification:_identify(build) by extension 'ignore'
[0.221s] Level 1:colcon.colcon_core.package_identification:_identify(build) ignored
[0.221s] Level 1:colcon.colcon_core.package_identification:_identify(install) by extensions ['ignore', 'ignore_ament_install']
[0.221s] Level 1:colcon.colcon_core.package_identification:_identify(install) by extension 'ignore'
[0.221s] Level 1:colcon.colcon_core.package_identification:_identify(install) ignored
[0.221s] Level 1:colcon.colcon_core.package_identification:_identify(log) by extensions ['ignore', 'ignore_ament_install']
[0.221s] Level 1:colcon.colcon_core.package_identification:_identify(log) by extension 'ignore'
[0.221s] Level 1:colcon.colcon_core.package_identification:_identify(log) ignored
[0.221s] Level 1:colcon.colcon_core.package_identification:_identify(src) by extensions ['ignore', 'ignore_ament_install']
[0.221s] Level 1:colcon.colcon_core.package_identification:_identify(src) by extension 'ignore'
[0.221s] Level 1:colcon.colcon_core.package_identification:_identify(src) by extension 'ignore_ament_install'
[0.221s] Level 1:colcon.colcon_core.package_identification:_identify(src) by extensions ['colcon_pkg']
[0.221s] Level 1:colcon.colcon_core.package_identification:_identify(src) by extension 'colcon_pkg'
[0.221s] Level 1:colcon.colcon_core.package_identification:_identify(src) by extensions ['colcon_meta']
[0.221s] Level 1:colcon.colcon_core.package_identification:_identify(src) by extension 'colcon_meta'
[0.221s] Level 1:colcon.colcon_core.package_identification:_identify(src) by extensions ['ros']
[0.221s] Level 1:colcon.colcon_core.package_identification:_identify(src) by extension 'ros'
[0.222s] Level 1:colcon.colcon_core.package_identification:_identify(src) by extensions ['cmake', 'python']
[0.222s] Level 1:colcon.colcon_core.package_identification:_identify(src) by extension 'cmake'
[0.222s] Level 1:colcon.colcon_core.package_identification:_identify(src) by extension 'python'
[0.222s] Level 1:colcon.colcon_core.package_identification:_identify(src) by extensions ['python_setup_py']
[0.222s] Level 1:colcon.colcon_core.package_identification:_identify(src) by extension 'python_setup_py'
[0.222s] Level 1:colcon.colcon_core.package_identification:_identify(src/arm_description) by extensions ['ignore', 'ignore_ament_install']
[0.222s] Level 1:colcon.colcon_core.package_identification:_identify(src/arm_description) by extension 'ignore'
[0.222s] Level 1:colcon.colcon_core.package_identification:_identify(src/arm_description) by extension 'ignore_ament_install'
[0.222s] Level 1:colcon.colcon_core.package_identification:_identify(src/arm_description) by extensions ['colcon_pkg']
[0.222s] Level 1:colcon.colcon_core.package_identification:_identify(src/arm_description) by extension 'colcon_pkg'
[0.222s] Level 1:colcon.colcon_core.package_identification:_identify(src/arm_description) by extensions ['colcon_meta']
[0.222s] Level 1:colcon.colcon_core.package_identification:_identify(src/arm_description) by extension 'colcon_meta'
[0.222s] Level 1:colcon.colcon_core.package_identification:_identify(src/arm_description) by extensions ['ros']
[0.222s] Level 1:colcon.colcon_core.package_identification:_identify(src/arm_description) by extension 'ros'
[0.226s] DEBUG:colcon.colcon_core.package_identification:Package 'src/arm_description' with type 'ros.ament_cmake' and name 'arm_description'
[0.226s] Level 1:colcon.colcon_core.package_identification:_identify(src/base_control) by extensions ['ignore', 'ignore_ament_install']
[0.226s] Level 1:colcon.colcon_core.package_identification:_identify(src/base_control) by extension 'ignore'
[0.226s] Level 1:colcon.colcon_core.package_identification:_identify(src/base_control) by extension 'ignore_ament_install'
[0.226s] Level 1:colcon.colcon_core.package_identification:_identify(src/base_control) by extensions ['colcon_pkg']
[0.226s] Level 1:colcon.colcon_core.package_identification:_identify(src/base_control) by extension 'colcon_pkg'
[0.226s] Level 1:colcon.colcon_core.package_identification:_identify(src/base_control) by extensions ['colcon_meta']
[0.226s] Level 1:colcon.colcon_core.package_identification:_identify(src/base_control) by extension 'colcon_meta'
[0.226s] Level 1:colcon.colcon_core.package_identification:_identify(src/base_control) by extensions ['ros']
[0.226s] Level 1:colcon.colcon_core.package_identification:_identify(src/base_control) by extension 'ros'
[0.227s] DEBUG:colcon.colcon_core.package_identification:Package 'src/base_control' with type 'ros.ament_python' and name 'base_control'
[0.227s] Level 1:colcon.colcon_core.package_identification:_identify(src/cam) by extensions ['ignore', 'ignore_ament_install']
[0.227s] Level 1:colcon.colcon_core.package_identification:_identify(src/cam) by extension 'ignore'
[0.227s] Level 1:colcon.colcon_core.package_identification:_identify(src/cam) by extension 'ignore_ament_install'
[0.227s] Level 1:colcon.colcon_core.package_identification:_identify(src/cam) by extensions ['colcon_pkg']
[0.227s] Level 1:colcon.colcon_core.package_identification:_identify(src/cam) by extension 'colcon_pkg'
[0.227s] Level 1:colcon.colcon_core.package_identification:_identify(src/cam) by extensions ['colcon_meta']
[0.227s] Level 1:colcon.colcon_core.package_identification:_identify(src/cam) by extension 'colcon_meta'
[0.227s] Level 1:colcon.colcon_core.package_identification:_identify(src/cam) by extensions ['ros']
[0.227s] Level 1:colcon.colcon_core.package_identification:_identify(src/cam) by extension 'ros'
[0.228s] DEBUG:colcon.colcon_core.package_identification:Package 'src/cam' with type 'ros.ament_python' and name 'cam'
[0.228s] Level 1:colcon.colcon_core.package_identification:_identify(src/controller_pkg) by extensions ['ignore', 'ignore_ament_install']
[0.228s] Level 1:colcon.colcon_core.package_identification:_identify(src/controller_pkg) by extension 'ignore'
[0.228s] Level 1:colcon.colcon_core.package_identification:_identify(src/controller_pkg) by extension 'ignore_ament_install'
[0.228s] Level 1:colcon.colcon_core.package_identification:_identify(src/controller_pkg) by extensions ['colcon_pkg']
[0.228s] Level 1:colcon.colcon_core.package_identification:_identify(src/controller_pkg) by extension 'colcon_pkg'
[0.228s] Level 1:colcon.colcon_core.package_identification:_identify(src/controller_pkg) by extensions ['colcon_meta']
[0.228s] Level 1:colcon.colcon_core.package_identification:_identify(src/controller_pkg) by extension 'colcon_meta'
[0.228s] Level 1:colcon.colcon_core.package_identification:_identify(src/controller_pkg) by extensions ['ros']
[0.228s] Level 1:colcon.colcon_core.package_identification:_identify(src/controller_pkg) by extension 'ros'
[0.229s] DEBUG:colcon.colcon_core.package_identification:Package 'src/controller_pkg' with type 'ros.ament_python' and name 'controller_pkg'
[0.229s] Level 1:colcon.colcon_core.package_identification:_identify(src/mat_bringup) by extensions ['ignore', 'ignore_ament_install']
[0.229s] Level 1:colcon.colcon_core.package_identification:_identify(src/mat_bringup) by extension 'ignore'
[0.229s] Level 1:colcon.colcon_core.package_identification:_identify(src/mat_bringup) by extension 'ignore_ament_install'
[0.229s] Level 1:colcon.colcon_core.package_identification:_identify(src/mat_bringup) by extensions ['colcon_pkg']
[0.229s] Level 1:colcon.colcon_core.package_identification:_identify(src/mat_bringup) by extension 'colcon_pkg'
[0.230s] Level 1:colcon.colcon_core.package_identification:_identify(src/mat_bringup) by extensions ['colcon_meta']
[0.230s] Level 1:colcon.colcon_core.package_identification:_identify(src/mat_bringup) by extension 'colcon_meta'
[0.230s] Level 1:colcon.colcon_core.package_identification:_identify(src/mat_bringup) by extensions ['ros']
[0.230s] Level 1:colcon.colcon_core.package_identification:_identify(src/mat_bringup) by extension 'ros'
[0.230s] DEBUG:colcon.colcon_core.package_identification:Package 'src/mat_bringup' with type 'ros.ament_cmake' and name 'mat_bringup'
[0.230s] Level 1:colcon.colcon_core.package_identification:_identify(src/matem_bringup) by extensions ['ignore', 'ignore_ament_install']
[0.230s] Level 1:colcon.colcon_core.package_identification:_identify(src/matem_bringup) by extension 'ignore'
[0.230s] Level 1:colcon.colcon_core.package_identification:_identify(src/matem_bringup) by extension 'ignore_ament_install'
[0.231s] Level 1:colcon.colcon_core.package_identification:_identify(src/matem_bringup) by extensions ['colcon_pkg']
[0.231s] Level 1:colcon.colcon_core.package_identification:_identify(src/matem_bringup) by extension 'colcon_pkg'
[0.231s] Level 1:colcon.colcon_core.package_identification:_identify(src/matem_bringup) by extensions ['colcon_meta']
[0.231s] Level 1:colcon.colcon_core.package_identification:_identify(src/matem_bringup) by extension 'colcon_meta'
[0.231s] Level 1:colcon.colcon_core.package_identification:_identify(src/matem_bringup) by extensions ['ros']
[0.231s] Level 1:colcon.colcon_core.package_identification:_identify(src/matem_bringup) by extension 'ros'
[0.231s] DEBUG:colcon.colcon_core.package_identification:Package 'src/matem_bringup' with type 'ros.ament_cmake' and name 'matem_bringup'
[0.231s] Level 1:colcon.colcon_core.package_discovery:discover_packages(recursive) using defaults
[0.231s] Level 1:colcon.colcon_core.package_discovery:discover_packages(ignore) discover
[0.231s] Level 1:colcon.colcon_core.package_discovery:discover_packages(ignore) using defaults
[0.231s] Level 1:colcon.colcon_core.package_discovery:discover_packages(path) discover
[0.231s] Level 1:colcon.colcon_core.package_discovery:discover_packages(path) using defaults
[0.258s] Level 1:colcon.colcon_core.package_discovery:discover_packages(prefix_path) check parameters
[0.258s] Level 1:colcon.colcon_core.package_discovery:discover_packages(prefix_path) discover
[0.260s] DEBUG:colcon.colcon_installed_package_information.package_discovery:Found 291 installed packages in /opt/ros/jazzy
[0.262s] Level 1:colcon.colcon_core.package_discovery:discover_packages(prefix_path) using defaults
[0.307s] Level 5:colcon.colcon_core.verb:set package 'arm_description' build argument 'cmake_args' from command line to 'None'
[0.307s] Level 5:colcon.colcon_core.verb:set package 'arm_description' build argument 'cmake_target' from command line to 'None'
[0.307s] Level 5:colcon.colcon_core.verb:set package 'arm_description' build argument 'cmake_target_skip_unavailable' from command line to 'False'
[0.307s] Level 5:colcon.colcon_core.verb:set package 'arm_description' build argument 'cmake_clean_cache' from command line to 'False'
[0.307s] Level 5:colcon.colcon_core.verb:set package 'arm_description' build argument 'cmake_clean_first' from command line to 'False'
[0.307s] Level 5:colcon.colcon_core.verb:set package 'arm_description' build argument 'cmake_force_configure' from command line to 'False'
[0.307s] Level 5:colcon.colcon_core.verb:set package 'arm_description' build argument 'ament_cmake_args' from command line to 'None'
[0.307s] Level 5:colcon.colcon_core.verb:set package 'arm_description' build argument 'catkin_cmake_args' from command line to 'None'
[0.307s] Level 5:colcon.colcon_core.verb:set package 'arm_description' build argument 'catkin_skip_building_tests' from command line to 'False'
[0.307s] DEBUG:colcon.colcon_core.verb:Building package 'arm_description' with the following arguments: {'ament_cmake_args': None, 'build_base': '/home/kareem/Desktop/Matem_repo/build/arm_description', 'catkin_cmake_args': None, 'catkin_skip_building_tests': False, 'cmake_args': None, 'cmake_clean_cache': False, 'cmake_clean_first': False, 'cmake_force_configure': False, 'cmake_target': None, 'cmake_target_skip_unavailable': False, 'install_base': '/home/kareem/Desktop/Matem_repo/install/arm_description', 'merge_install': False, 'path': '/home/kareem/Desktop/Matem_repo/src/arm_description', 'symlink_install': True, 'test_result_base': None}
[0.307s] Level 5:colcon.colcon_core.verb:set package 'base_control' build argument 'cmake_args' from command line to 'None'
[0.307s] Level 5:colcon.colcon_core.verb:set package 'base_control' build argument 'cmake_target' from command line to 'None'
[0.307s] Level 5:colcon.colcon_core.verb:set package 'base_control' build argument 'cmake_target_skip_unavailable' from command line to 'False'
[0.307s] Level 5:colcon.colcon_core.verb:set package 'base_control' build argument 'cmake_clean_cache' from command line to 'False'
[0.307s] Level 5:colcon.colcon_core.verb:set package 'base_control' build argument 'cmake_clean_first' from command line to 'False'
[0.307s] Level 5:colcon.colcon_core.verb:set package 'base_control' build argument 'cmake_force_configure' from command line to 'False'
[0.307s] Level 5:colcon.colcon_core.verb:set package 'base_control' build argument 'ament_cmake_args' from command line to 'None'
[0.307s] Level 5:colcon.colcon_core.verb:set package 'base_control' build argument 'catkin_cmake_args' from command line to 'None'
[0.307s] Level 5:colcon.colcon_core.verb:set package 'base_control' build argument 'catkin_skip_building_tests' from command line to 'False'
[0.307s] DEBUG:colcon.colcon_core.verb:Building package 'base_control' with the following arguments: {'ament_cmake_args': None, 'build_base': '/home/kareem/Desktop/Matem_repo/build/base_control', 'catkin_cmake_args': None, 'catkin_skip_building_tests': False, 'cmake_args': None, 'cmake_clean_cache': False, 'cmake_clean_first': False, 'cmake_force_configure': False, 'cmake_target': None, 'cmake_target_skip_unavailable': False, 'install_base': '/home/kareem/Desktop/Matem_repo/install/base_control', 'merge_install': False, 'path': '/home/kareem/Desktop/Matem_repo/src/base_control', 'symlink_install': True, 'test_result_base': None}
[0.308s] Level 5:colcon.colcon_core.verb:set package 'cam' build argument 'cmake_args' from command line to 'None'
[0.308s] Level 5:colcon.colcon_core.verb:set package 'cam' build argument 'cmake_target' from command line to 'None'
[0.308s] Level 5:colcon.colcon_core.verb:set package 'cam' build argument 'cmake_target_skip_unavailable' from command line to 'False'
[0.308s] Level 5:colcon.colcon_core.verb:set package 'cam' build argument 'cmake_clean_cache' from command line to 'False'
[0.308s] Level 5:colcon.colcon_core.verb:set package 'cam' build argument 'cmake_clean_first' from command line to 'False'
[0.308s] Level 5:colcon.colcon_core.verb:set package 'cam' build argument 'cmake_force_configure' from command line to 'False'
[0.308s] Level 5:colcon.colcon_core.verb:set package 'cam' build argument 'ament_cmake_args' from command line to 'None'
[0.308s] Level 5:colcon.colcon_core.verb:set package 'cam' build argument 'catkin_cmake_args' from command line to 'None'
[0.308s] Level 5:colcon.colcon_core.verb:set package 'cam' build argument 'catkin_skip_building_tests' from command line to 'False'
[0.308s] DEBUG:colcon.colcon_core.verb:Building package 'cam' with the following arguments: {'ament_cmake_args': None, 'build_base': '/home/kareem/Desktop/Matem_repo/build/cam', 'catkin_cmake_args': None, 'catkin_skip_building_tests': False, 'cmake_args': None, 'cmake_clean_cache': False, 'cmake_clean_first': False, 'cmake_force_configure': False, 'cmake_target': None, 'cmake_target_skip_unavailable': False, 'install_base': '/home/kareem/Desktop/Matem_repo/install/cam', 'merge_install': False, 'path': '/home/kareem/Desktop/Matem_repo/src/cam', 'symlink_install': True, 'test_result_base': None}
[0.308s] Level 5:colcon.colcon_core.verb:set package 'controller_pkg' build argument 'cmake_args' from command line to 'None'
[0.308s] Level 5:colcon.colcon_core.verb:set package 'controller_pkg' build argument 'cmake_target' from command line to 'None'
[0.308s] Level 5:colcon.colcon_core.verb:set package 'controller_pkg' build argument 'cmake_target_skip_unavailable' from command line to 'False'
[0.308s] Level 5:colcon.colcon_core.verb:set package 'controller_pkg' build argument 'cmake_clean_cache' from command line to 'False'
[0.308s] Level 5:colcon.colcon_core.verb:set package 'controller_pkg' build argument 'cmake_clean_first' from command line to 'False'
[0.308s] Level 5:colcon.colcon_core.verb:set package 'controller_pkg' build argument 'cmake_force_configure' from command line to 'False'
[0.308s] Level 5:colcon.colcon_core.verb:set package 'controller_pkg' build argument 'ament_cmake_args' from command line to 'None'
[0.308s] Level 5:colcon.colcon_core.verb:set package 'controller_pkg' build argument 'catkin_cmake_args' from command line to 'None'
[0.308s] Level 5:colcon.colcon_core.verb:set package 'controller_pkg' build argument 'catkin_skip_building_tests' from command line to 'False'
[0.308s] DEBUG:colcon.colcon_core.verb:Building package 'controller_pkg' with the following arguments: {'ament_cmake_args': None, 'build_base': '/home/kareem/Desktop/Matem_repo/build/controller_pkg', 'catkin_cmake_args': None, 'catkin_skip_building_tests': False, 'cmake_args': None, 'cmake_clean_cache': False, 'cmake_clean_first': False, 'cmake_force_configure': False, 'cmake_target': None, 'cmake_target_skip_unavailable': False, 'install_base': '/home/kareem/Desktop/Matem_repo/install/controller_pkg', 'merge_install': False, 'path': '/home/kareem/Desktop/Matem_repo/src/controller_pkg', 'symlink_install': True, 'test_result_base': None}
[0.308s] Level 5:colcon.colcon_core.verb:set package 'mat_bringup' build argument 'cmake_args' from command line to 'None'
[0.309s] Level 5:colcon.colcon_core.verb:set package 'mat_bringup' build argument 'cmake_target' from command line to 'None'
[0.309s] Level 5:colcon.colcon_core.verb:set package 'mat_bringup' build argument 'cmake_target_skip_unavailable' from command line to 'False'
[0.309s] Level 5:colcon.colcon_core.verb:set package 'mat_bringup' build argument 'cmake_clean_cache' from command line to 'False'
[0.309s] Level 5:colcon.colcon_core.verb:set package 'mat_bringup' build argument 'cmake_clean_first' from command line to 'False'
[0.309s] Level 5:colcon.colcon_core.verb:set package 'mat_bringup' build argument 'cmake_force_configure' from command line to 'False'
[0.309s] Level 5:colcon.colcon_core.verb:set package 'mat_bringup' build argument 'ament_cmake_args' from command line to 'None'
[0.309s] Level 5:colcon.colcon_core.verb:set package 'mat_bringup' build argument 'catkin_cmake_args' from command line to 'None'
[0.309s] Level 5:colcon.colcon_core.verb:set package 'mat_bringup' build argument 'catkin_skip_building_tests' from command line to 'False'
[0.309s] DEBUG:colcon.colcon_core.verb:Building package 'mat_bringup' with the following arguments: {'ament_cmake_args': None, 'build_base': '/home/kareem/Desktop/Matem_repo/build/mat_bringup', 'catkin_cmake_args': None, 'catkin_skip_building_tests': False, 'cmake_args': None, 'cmake_clean_cache': False, 'cmake_clean_first': False, 'cmake_force_configure': False, 'cmake_target': None, 'cmake_target_skip_unavailable': False, 'install_base': '/home/kareem/Desktop/Matem_repo/install/mat_bringup', 'merge_install': False, 'path': '/home/kareem/Desktop/Matem_repo/src/mat_bringup', 'symlink_install': True, 'test_result_base': None}
[0.309s] Level 5:colcon.colcon_core.verb:set package 'matem_bringup' build argument 'cmake_args' from command line to 'None'
[0.309s] Level 5:colcon.colcon_core.verb:set package 'matem_bringup' build argument 'cmake_target' from command line to 'None'
[0.309s] Level 5:colcon.colcon_core.verb:set package 'matem_bringup' build argument 'cmake_target_skip_unavailable' from command line to 'False'
[0.309s] Level 5:colcon.colcon_core.verb:set package 'matem_bringup' build argument 'cmake_clean_cache' from command line to 'False'
[0.309s] Level 5:colcon.colcon_core.verb:set package 'matem_bringup' build argument 'cmake_clean_first' from command line to 'False'
[0.309s] Level 5:colcon.colcon_core.verb:set package 'matem_bringup' build argument 'cmake_force_configure' from command line to 'False'
[0.309s] Level 5:colcon.colcon_core.verb:set package 'matem_bringup' build argument 'ament_cmake_args' from command line to 'None'
[0.309s] Level 5:colcon.colcon_core.verb:set package 'matem_bringup' build argument 'catkin_cmake_args' from command line to 'None'
[0.309s] Level 5:colcon.colcon_core.verb:set package 'matem_bringup' build argument 'catkin_skip_building_tests' from command line to 'False'
[0.309s] DEBUG:colcon.colcon_core.verb:Building package 'matem_bringup' with the following arguments: {'ament_cmake_args': None, 'build_base': '/home/kareem/Desktop/Matem_repo/build/matem_bringup', 'catkin_cmake_args': None, 'catkin_skip_building_tests': False, 'cmake_args': None, 'cmake_clean_cache': False, 'cmake_clean_first': False, 'cmake_force_configure': False, 'cmake_target': None, 'cmake_target_skip_unavailable': False, 'install_base': '/home/kareem/Desktop/Matem_repo/install/matem_bringup', 'merge_install': False, 'path': '/home/kareem/Desktop/Matem_repo/src/matem_bringup', 'symlink_install': True, 'test_result_base': None}
[0.309s] INFO:colcon.colcon_core.executor:Executing jobs using 'parallel' executor
[0.310s] DEBUG:colcon.colcon_parallel_executor.executor.parallel:run_until_complete
[0.311s] INFO:colcon.colcon_ros.task.ament_cmake.build:Building ROS package in '/home/kareem/Desktop/Matem_repo/src/arm_description' with build type 'ament_cmake'
[0.311s] INFO:colcon.colcon_cmake.task.cmake.build:Building CMake package in '/home/kareem/Desktop/Matem_repo/src/arm_description'
[0.314s] INFO:colcon.colcon_core.plugin_system:Skipping extension 'colcon_core.shell.bat': Not used on non-Windows systems
[0.314s] INFO:colcon.colcon_core.shell:Skip shell extension 'powershell' for command environment: Not usable outside of PowerShell
[0.314s] DEBUG:colcon.colcon_core.shell:Skip shell extension 'dsv' for command environment
[0.317s] INFO:colcon.colcon_ros.task.ament_python.build:Building ROS package in '/home/kareem/Desktop/Matem_repo/src/base_control' with build type 'ament_python'
[0.317s] Level 1:colcon.colcon_core.shell:create_environment_hook('base_control', 'ament_prefix_path')
[0.318s] INFO:colcon.colcon_core.shell:Creating environment hook '/home/kareem/Desktop/Matem_repo/install/base_control/share/base_control/hook/ament_prefix_path.ps1'
[0.319s] INFO:colcon.colcon_core.shell:Creating environment descriptor '/home/kareem/Desktop/Matem_repo/install/base_control/share/base_control/hook/ament_prefix_path.dsv'
[0.319s] INFO:colcon.colcon_core.shell:Creating environment hook '/home/kareem/Desktop/Matem_repo/install/base_control/share/base_control/hook/ament_prefix_path.sh'
[0.320s] INFO:colcon.colcon_core.shell:Skip shell extension 'powershell' for command environment: Not usable outside of PowerShell
[0.320s] DEBUG:colcon.colcon_core.shell:Skip shell extension 'dsv' for command environment
[0.323s] INFO:colcon.colcon_ros.task.ament_python.build:Building ROS package in '/home/kareem/Desktop/Matem_repo/src/cam' with build type 'ament_python'
[0.323s] Level 1:colcon.colcon_core.shell:create_environment_hook('cam', 'ament_prefix_path')
[0.323s] INFO:colcon.colcon_core.shell:Creating environment hook '/home/kareem/Desktop/Matem_repo/install/cam/share/cam/hook/ament_prefix_path.ps1'
[0.324s] INFO:colcon.colcon_core.shell:Creating environment descriptor '/home/kareem/Desktop/Matem_repo/install/cam/share/cam/hook/ament_prefix_path.dsv'
[0.324s] INFO:colcon.colcon_core.shell:Creating environment hook '/home/kareem/Desktop/Matem_repo/install/cam/share/cam/hook/ament_prefix_path.sh'
[0.325s] INFO:colcon.colcon_core.shell:Skip shell extension 'powershell' for command environment: Not usable outside of PowerShell
[0.325s] DEBUG:colcon.colcon_core.shell:Skip shell extension 'dsv' for command environment
[0.328s] INFO:colcon.colcon_ros.task.ament_python.build:Building ROS package in '/home/kareem/Desktop/Matem_repo/src/controller_pkg' with build type 'ament_python'
[0.328s] Level 1:colcon.colcon_core.shell:create_environment_hook('controller_pkg', 'ament_prefix_path')
[0.328s] INFO:colcon.colcon_core.shell:Creating environment hook '/home/kareem/Desktop/Matem_repo/install/controller_pkg/share/controller_pkg/hook/ament_prefix_path.ps1'
[0.329s] INFO:colcon.colcon_core.shell:Creating environment descriptor '/home/kareem/Desktop/Matem_repo/install/controller_pkg/share/controller_pkg/hook/ament_prefix_path.dsv'
[0.329s] INFO:colcon.colcon_core.shell:Creating environment hook '/home/kareem/Desktop/Matem_repo/install/controller_pkg/share/controller_pkg/hook/ament_prefix_path.sh'
[0.330s] INFO:colcon.colcon_core.shell:Skip shell extension 'powershell' for command environment: Not usable outside of PowerShell
[0.330s] DEBUG:colcon.colcon_core.shell:Skip shell extension 'dsv' for command environment
[0.338s] DEBUG:colcon.colcon_core.event_handler.log_command:Invoking command in '/home/kareem/Desktop/Matem_repo/build/arm_description': CMAKE_PREFIX_PATH=${CMAKE_PREFIX_PATH}:/opt/ros/jazzy DEBUGINFOD_URLS=https://debuginfod.ubuntu.com /usr/bin/cmake /home/kareem/Desktop/Matem_repo/src/arm_description -DAMENT_CMAKE_SYMLINK_INSTALL=1 -DCMAKE_INSTALL_PREFIX=/home/kareem/Desktop/Matem_repo/install/arm_description
[0.603s] INFO:colcon.colcon_core.task.python.build:Building Python package in '/home/kareem/Desktop/Matem_repo/src/base_control'
[0.603s] INFO:colcon.colcon_core.shell:Skip shell extension 'powershell' for command environment: Not usable outside of PowerShell
[0.603s] DEBUG:colcon.colcon_core.shell:Skip shell extension 'dsv' for command environment
[0.857s] INFO:colcon.colcon_core.task.python.build:Building Python package in '/home/kareem/Desktop/Matem_repo/src/cam'
[0.857s] INFO:colcon.colcon_core.shell:Skip shell extension 'powershell' for command environment: Not usable outside of PowerShell
[0.857s] DEBUG:colcon.colcon_core.shell:Skip shell extension 'dsv' for command environment
[1.126s] INFO:colcon.colcon_core.task.python.build:Building Python package in '/home/kareem/Desktop/Matem_repo/src/controller_pkg'
[1.127s] INFO:colcon.colcon_core.shell:Skip shell extension 'powershell' for command environment: Not usable outside of PowerShell
[1.127s] DEBUG:colcon.colcon_core.shell:Skip shell extension 'dsv' for command environment
[1.365s] DEBUG:colcon.colcon_core.event_handler.log_command:Invoked command in '/home/kareem/Desktop/Matem_repo/build/arm_description' returned '0': CMAKE_PREFIX_PATH=${CMAKE_PREFIX_PATH}:/opt/ros/jazzy DEBUGINFOD_URLS=https://debuginfod.ubuntu.com /usr/bin/cmake /home/kareem/Desktop/Matem_repo/src/arm_description -DAMENT_CMAKE_SYMLINK_INSTALL=1 -DCMAKE_INSTALL_PREFIX=/home/kareem/Desktop/Matem_repo/install/arm_description
[1.367s] DEBUG:colcon.colcon_core.event_handler.log_command:Invoking command in '/home/kareem/Desktop/Matem_repo/build/arm_description': CMAKE_PREFIX_PATH=${CMAKE_PREFIX_PATH}:/opt/ros/jazzy DEBUGINFOD_URLS=https://debuginfod.ubuntu.com /usr/bin/cmake --build /home/kareem/Desktop/Matem_repo/build/arm_description -- -j20 -l20
[1.422s] DEBUG:colcon.colcon_core.event_handler.log_command:Invoked command in '/home/kareem/Desktop/Matem_repo/build/arm_description' returned '0': CMAKE_PREFIX_PATH=${CMAKE_PREFIX_PATH}:/opt/ros/jazzy DEBUGINFOD_URLS=https://debuginfod.ubuntu.com /usr/bin/cmake --build /home/kareem/Desktop/Matem_repo/build/arm_description -- -j20 -l20
[1.433s] DEBUG:colcon.colcon_core.event_handler.log_command:Invoking command in '/home/kareem/Desktop/Matem_repo/build/arm_description': CMAKE_PREFIX_PATH=${CMAKE_PREFIX_PATH}:/opt/ros/jazzy DEBUGINFOD_URLS=https://debuginfod.ubuntu.com /usr/bin/cmake --install /home/kareem/Desktop/Matem_repo/build/arm_description
[1.738s] Level 1:colcon.colcon_core.environment:create_environment_scripts_only(arm_description)
[1.739s] DEBUG:colcon.colcon_core.event_handler.log_command:Invoked command in '/home/kareem/Desktop/Matem_repo/build/arm_description' returned '0': CMAKE_PREFIX_PATH=${CMAKE_PREFIX_PATH}:/opt/ros/jazzy DEBUGINFOD_URLS=https://debuginfod.ubuntu.com /usr/bin/cmake --install /home/kareem/Desktop/Matem_repo/build/arm_description
[1.742s] Level 1:colcon.colcon_core.environment:checking '/home/kareem/Desktop/Matem_repo/install/arm_description' for CMake module files
[1.743s] Level 1:colcon.colcon_core.environment:checking '/home/kareem/Desktop/Matem_repo/install/arm_description' for CMake config files
[1.743s] Level 1:colcon.colcon_core.shell:create_environment_hook('arm_description', 'cmake_prefix_path')
[1.744s] INFO:colcon.colcon_core.shell:Creating environment hook '/home/kareem/Desktop/Matem_repo/install/arm_description/share/arm_description/hook/cmake_prefix_path.ps1'
[1.744s] INFO:colcon.colcon_core.shell:Creating environment descriptor '/home/kareem/Desktop/Matem_repo/install/arm_description/share/arm_description/hook/cmake_prefix_path.dsv'
[1.745s] INFO:colcon.colcon_core.shell:Creating environment hook '/home/kareem/Desktop/Matem_repo/install/arm_description/share/arm_description/hook/cmake_prefix_path.sh'
[1.746s] Level 1:colcon.colcon_core.environment:checking '/home/kareem/Desktop/Matem_repo/install/arm_description/bin'
[1.746s] Level 1:colcon.colcon_core.environment:checking '/home/kareem/Desktop/Matem_repo/install/arm_description/lib/pkgconfig/arm_description.pc'
[1.747s] Level 1:colcon.colcon_core.environment:checking '/home/kareem/Desktop/Matem_repo/install/arm_description/lib/python3.12/site-packages'
[1.747s] Level 1:colcon.colcon_core.environment:checking '/home/kareem/Desktop/Matem_repo/install/arm_description/bin'
[1.748s] INFO:colcon.colcon_core.shell:Creating package script '/home/kareem/Desktop/Matem_repo/install/arm_description/share/arm_description/package.ps1'
[1.749s] INFO:colcon.colcon_core.shell:Creating package descriptor '/home/kareem/Desktop/Matem_repo/install/arm_description/share/arm_description/package.dsv'
[1.750s] INFO:colcon.colcon_core.shell:Creating package script '/home/kareem/Desktop/Matem_repo/install/arm_description/share/arm_description/package.sh'
[1.751s] INFO:colcon.colcon_core.shell:Creating package script '/home/kareem/Desktop/Matem_repo/install/arm_description/share/arm_description/package.bash'
[1.752s] INFO:colcon.colcon_core.shell:Creating package script '/home/kareem/Desktop/Matem_repo/install/arm_description/share/arm_description/package.zsh'
[1.752s] Level 1:colcon.colcon_core.environment:create_file_with_runtime_dependencies(/home/kareem/Desktop/Matem_repo/install/arm_description/share/colcon-core/packages/arm_description)
[1.753s] Level 1:colcon.colcon_core.environment:create_environment_scripts_only(arm_description)
[1.753s] Level 1:colcon.colcon_core.environment:checking '/home/kareem/Desktop/Matem_repo/install/arm_description' for CMake module files
[1.753s] Level 1:colcon.colcon_core.environment:checking '/home/kareem/Desktop/Matem_repo/install/arm_description' for CMake config files
[1.754s] Level 1:colcon.colcon_core.shell:create_environment_hook('arm_description', 'cmake_prefix_path')
[1.754s] INFO:colcon.colcon_core.shell:Creating environment hook '/home/kareem/Desktop/Matem_repo/install/arm_description/share/arm_description/hook/cmake_prefix_path.ps1'
[1.754s] INFO:colcon.colcon_core.shell:Creating environment descriptor '/home/kareem/Desktop/Matem_repo/install/arm_description/share/arm_description/hook/cmake_prefix_path.dsv'
[1.755s] INFO:colcon.colcon_core.shell:Creating environment hook '/home/kareem/Desktop/Matem_repo/install/arm_description/share/arm_description/hook/cmake_prefix_path.sh'
[1.755s] Level 1:colcon.colcon_core.environment:checking '/home/kareem/Desktop/Matem_repo/install/arm_description/bin'
[1.755s] Level 1:colcon.colcon_core.environment:checking '/home/kareem/Desktop/Matem_repo/install/arm_description/lib/pkgconfig/arm_description.pc'
[1.756s] Level 1:colcon.colcon_core.environment:checking '/home/kareem/Desktop/Matem_repo/install/arm_description/lib/python3.12/site-packages'
[1.756s] Level 1:colcon.colcon_core.environment:checking '/home/kareem/Desktop/Matem_repo/install/arm_description/bin'
[1.756s] INFO:colcon.colcon_core.shell:Creating package script '/home/kareem/Desktop/Matem_repo/install/arm_description/share/arm_description/package.ps1'
[1.757s] INFO:colcon.colcon_core.shell:Creating package descriptor '/home/kareem/Desktop/Matem_repo/install/arm_description/share/arm_description/package.dsv'
[1.757s] INFO:colcon.colcon_core.shell:Creating package script '/home/kareem/Desktop/Matem_repo/install/arm_description/share/arm_description/package.sh'
[1.757s] INFO:colcon.colcon_core.shell:Creating package script '/home/kareem/Desktop/Matem_repo/install/arm_description/share/arm_description/package.bash'
[1.758s] INFO:colcon.colcon_core.shell:Creating package script '/home/kareem/Desktop/Matem_repo/install/arm_description/share/arm_description/package.zsh'
[1.758s] Level 1:colcon.colcon_core.environment:create_file_with_runtime_dependencies(/home/kareem/Desktop/Matem_repo/install/arm_description/share/colcon-core/packages/arm_description)
[1.839s] DEBUG:colcon.colcon_core.event_handler.log_command:Invoking command in '/home/kareem/Desktop/Matem_repo/build/controller_pkg': DEBUGINFOD_URLS=https://debuginfod.ubuntu.com PYTHONPATH=/home/kareem/Desktop/Matem_repo/build/controller_pkg/prefix_override:/usr/lib/python3/dist-packages/colcon_core/task/python/colcon_distutils_commands:/home/kareem/Desktop/Matem_repo/install/controller_pkg/lib/python3.12/site-packages:${PYTHONPATH} /usr/bin/python3 -W ignore:setup.py install is deprecated -W ignore:easy_install command is deprecated setup.py develop --editable --build-directory /home/kareem/Desktop/Matem_repo/build/controller_pkg/build --no-deps symlink_data
[1.859s] DEBUG:colcon.colcon_core.event_handler.log_command:Invoking command in '/home/kareem/Desktop/Matem_repo/build/cam': DEBUGINFOD_URLS=https://debuginfod.ubuntu.com PYTHONPATH=/home/kareem/Desktop/Matem_repo/build/cam/prefix_override:/usr/lib/python3/dist-packages/colcon_core/task/python/colcon_distutils_commands:/home/kareem/Desktop/Matem_repo/install/cam/lib/python3.12/site-packages:${PYTHONPATH} /usr/bin/python3 -W ignore:setup.py install is deprecated -W ignore:easy_install command is deprecated setup.py develop --editable --build-directory /home/kareem/Desktop/Matem_repo/build/cam/build --no-deps symlink_data
[1.862s] DEBUG:colcon.colcon_core.event_handler.log_command:Invoking command in '/home/kareem/Desktop/Matem_repo/build/base_control': DEBUGINFOD_URLS=https://debuginfod.ubuntu.com PYTHONPATH=/home/kareem/Desktop/Matem_repo/build/base_control/prefix_override:/usr/lib/python3/dist-packages/colcon_core/task/python/colcon_distutils_commands:/home/kareem/Desktop/Matem_repo/install/base_control/lib/python3.12/site-packages:${PYTHONPATH} /usr/bin/python3 -W ignore:setup.py install is deprecated -W ignore:easy_install command is deprecated setup.py develop --editable --build-directory /home/kareem/Desktop/Matem_repo/build/base_control/build --no-deps symlink_data
[2.536s] Level 1:colcon.colcon_core.shell:create_environment_hook('cam', 'pythonpath_develop')
[2.536s] INFO:colcon.colcon_core.shell:Creating environment hook '/home/kareem/Desktop/Matem_repo/build/cam/share/cam/hook/pythonpath_develop.ps1'
[2.537s] DEBUG:colcon.colcon_core.event_handler.log_command:Invoked command in '/home/kareem/Desktop/Matem_repo/build/cam' returned '0': DEBUGINFOD_URLS=https://debuginfod.ubuntu.com PYTHONPATH=/home/kareem/Desktop/Matem_repo/build/cam/prefix_override:/usr/lib/python3/dist-packages/colcon_core/task/python/colcon_distutils_commands:/home/kareem/Desktop/Matem_repo/install/cam/lib/python3.12/site-packages:${PYTHONPATH} /usr/bin/python3 -W ignore:setup.py install is deprecated -W ignore:easy_install command is deprecated setup.py develop --editable --build-directory /home/kareem/Desktop/Matem_repo/build/cam/build --no-deps symlink_data
[2.538s] INFO:colcon.colcon_core.shell:Creating environment descriptor '/home/kareem/Desktop/Matem_repo/build/cam/share/cam/hook/pythonpath_develop.dsv'
[2.538s] INFO:colcon.colcon_core.shell:Creating environment hook '/home/kareem/Desktop/Matem_repo/build/cam/share/cam/hook/pythonpath_develop.sh'
[2.539s] Level 1:colcon.colcon_core.environment:checking '/home/kareem/Desktop/Matem_repo/install/cam' for CMake module files
[2.539s] Level 1:colcon.colcon_core.environment:checking '/home/kareem/Desktop/Matem_repo/install/cam' for CMake config files
[2.540s] Level 1:colcon.colcon_core.environment:checking '/home/kareem/Desktop/Matem_repo/install/cam/lib'
[2.540s] Level 1:colcon.colcon_core.environment:checking '/home/kareem/Desktop/Matem_repo/install/cam/bin'
[2.540s] Level 1:colcon.colcon_core.environment:checking '/home/kareem/Desktop/Matem_repo/install/cam/lib/pkgconfig/cam.pc'
[2.540s] Level 1:colcon.colcon_core.environment:checking '/home/kareem/Desktop/Matem_repo/install/cam/lib/python3.12/site-packages'
[2.540s] Level 1:colcon.colcon_core.shell:create_environment_hook('cam', 'pythonpath')
[2.540s] INFO:colcon.colcon_core.shell:Creating environment hook '/home/kareem/Desktop/Matem_repo/install/cam/share/cam/hook/pythonpath.ps1'
[2.541s] INFO:colcon.colcon_core.shell:Creating environment descriptor '/home/kareem/Desktop/Matem_repo/install/cam/share/cam/hook/pythonpath.dsv'
[2.541s] INFO:colcon.colcon_core.shell:Creating environment hook '/home/kareem/Desktop/Matem_repo/install/cam/share/cam/hook/pythonpath.sh'
[2.542s] Level 1:colcon.colcon_core.environment:checking '/home/kareem/Desktop/Matem_repo/install/cam/bin'
[2.542s] Level 1:colcon.colcon_core.environment:create_environment_scripts_only(cam)
[2.542s] INFO:colcon.colcon_core.shell:Creating package script '/home/kareem/Desktop/Matem_repo/install/cam/share/cam/package.ps1'
[2.543s] INFO:colcon.colcon_core.shell:Creating package descriptor '/home/kareem/Desktop/Matem_repo/install/cam/share/cam/package.dsv'
[2.543s] INFO:colcon.colcon_core.shell:Creating package script '/home/kareem/Desktop/Matem_repo/install/cam/share/cam/package.sh'
[2.544s] INFO:colcon.colcon_core.shell:Creating package script '/home/kareem/Desktop/Matem_repo/install/cam/share/cam/package.bash'
[2.544s] INFO:colcon.colcon_core.shell:Creating package script '/home/kareem/Desktop/Matem_repo/install/cam/share/cam/package.zsh'
[2.544s] Level 1:colcon.colcon_core.environment:create_file_with_runtime_dependencies(/home/kareem/Desktop/Matem_repo/install/cam/share/colcon-core/packages/cam)
[2.545s] Level 1:colcon.colcon_core.shell:create_environment_hook('controller_pkg', 'pythonpath_develop')
[2.545s] INFO:colcon.colcon_core.shell:Creating environment hook '/home/kareem/Desktop/Matem_repo/build/controller_pkg/share/controller_pkg/hook/pythonpath_develop.ps1'
[2.546s] DEBUG:colcon.colcon_core.event_handler.log_command:Invoked command in '/home/kareem/Desktop/Matem_repo/build/controller_pkg' returned '0': DEBUGINFOD_URLS=https://debuginfod.ubuntu.com PYTHONPATH=/home/kareem/Desktop/Matem_repo/build/controller_pkg/prefix_override:/usr/lib/python3/dist-packages/colcon_core/task/python/colcon_distutils_commands:/home/kareem/Desktop/Matem_repo/install/controller_pkg/lib/python3.12/site-packages:${PYTHONPATH} /usr/bin/python3 -W ignore:setup.py install is deprecated -W ignore:easy_install command is deprecated setup.py develop --editable --build-directory /home/kareem/Desktop/Matem_repo/build/controller_pkg/build --no-deps symlink_data
[2.547s] INFO:colcon.colcon_core.shell:Creating environment descriptor '/home/kareem/Desktop/Matem_repo/build/controller_pkg/share/controller_pkg/hook/pythonpath_develop.dsv'
[2.547s] INFO:colcon.colcon_core.shell:Creating environment hook '/home/kareem/Desktop/Matem_repo/build/controller_pkg/share/controller_pkg/hook/pythonpath_develop.sh'
[2.548s] Level 1:colcon.colcon_core.environment:checking '/home/kareem/Desktop/Matem_repo/install/controller_pkg' for CMake module files
[2.548s] Level 1:colcon.colcon_core.environment:checking '/home/kareem/Desktop/Matem_repo/install/controller_pkg' for CMake config files
[2.549s] Level 1:colcon.colcon_core.environment:checking '/home/kareem/Desktop/Matem_repo/install/controller_pkg/lib'
[2.549s] Level 1:colcon.colcon_core.environment:checking '/home/kareem/Desktop/Matem_repo/install/controller_pkg/bin'
[2.549s] Level 1:colcon.colcon_core.environment:checking '/home/kareem/Desktop/Matem_repo/install/controller_pkg/lib/pkgconfig/controller_pkg.pc'
[2.549s] Level 1:colcon.colcon_core.environment:checking '/home/kareem/Desktop/Matem_repo/install/controller_pkg/lib/python3.12/site-packages'
[2.549s] Level 1:colcon.colcon_core.shell:create_environment_hook('controller_pkg', 'pythonpath')
[2.549s] INFO:colcon.colcon_core.shell:Creating environment hook '/home/kareem/Desktop/Matem_repo/install/controller_pkg/share/controller_pkg/hook/pythonpath.ps1'
[2.550s] INFO:colcon.colcon_core.shell:Creating environment descriptor '/home/kareem/Desktop/Matem_repo/install/controller_pkg/share/controller_pkg/hook/pythonpath.dsv'
[2.550s] INFO:colcon.colcon_core.shell:Creating environment hook '/home/kareem/Desktop/Matem_repo/install/controller_pkg/share/controller_pkg/hook/pythonpath.sh'
[2.551s] Level 1:colcon.colcon_core.environment:checking '/home/kareem/Desktop/Matem_repo/install/controller_pkg/bin'
[2.551s] Level 1:colcon.colcon_core.environment:create_environment_scripts_only(controller_pkg)
[2.551s] INFO:colcon.colcon_core.shell:Creating package script '/home/kareem/Desktop/Matem_repo/install/controller_pkg/share/controller_pkg/package.ps1'
[2.552s] INFO:colcon.colcon_core.shell:Creating package descriptor '/home/kareem/Desktop/Matem_repo/install/controller_pkg/share/controller_pkg/package.dsv'
[2.552s] INFO:colcon.colcon_core.shell:Creating package script '/home/kareem/Desktop/Matem_repo/install/controller_pkg/share/controller_pkg/package.sh'
[2.552s] INFO:colcon.colcon_core.shell:Creating package script '/home/kareem/Desktop/Matem_repo/install/controller_pkg/share/controller_pkg/package.bash'
[2.553s] INFO:colcon.colcon_core.shell:Creating package script '/home/kareem/Desktop/Matem_repo/install/controller_pkg/share/controller_pkg/package.zsh'
[2.553s] Level 1:colcon.colcon_core.environment:create_file_with_runtime_dependencies(/home/kareem/Desktop/Matem_repo/install/controller_pkg/share/colcon-core/packages/controller_pkg)
[2.561s] Level 1:colcon.colcon_core.shell:create_environment_hook('base_control', 'pythonpath_develop')
[2.562s] DEBUG:colcon.colcon_core.event_handler.log_command:Invoked command in '/home/kareem/Desktop/Matem_repo/build/base_control' returned '0': DEBUGINFOD_URLS=https://debuginfod.ubuntu.com PYTHONPATH=/home/kareem/Desktop/Matem_repo/build/base_control/prefix_override:/usr/lib/python3/dist-packages/colcon_core/task/python/colcon_distutils_commands:/home/kareem/Desktop/Matem_repo/install/base_control/lib/python3.12/site-packages:${PYTHONPATH} /usr/bin/python3 -W ignore:setup.py install is deprecated -W ignore:easy_install command is deprecated setup.py develop --editable --build-directory /home/kareem/Desktop/Matem_repo/build/base_control/build --no-deps symlink_data
[2.562s] INFO:colcon.colcon_core.shell:Creating environment hook '/home/kareem/Desktop/Matem_repo/build/base_control/share/base_control/hook/pythonpath_develop.ps1'
[2.563s] INFO:colcon.colcon_core.shell:Creating environment descriptor '/home/kareem/Desktop/Matem_repo/build/base_control/share/base_control/hook/pythonpath_develop.dsv'
[2.564s] INFO:colcon.colcon_core.shell:Creating environment hook '/home/kareem/Desktop/Matem_repo/build/base_control/share/base_control/hook/pythonpath_develop.sh'
[2.564s] Level 1:colcon.colcon_core.environment:checking '/home/kareem/Desktop/Matem_repo/install/base_control' for CMake module files
[2.565s] Level 1:colcon.colcon_core.environment:checking '/home/kareem/Desktop/Matem_repo/install/base_control' for CMake config files
[2.566s] Level 1:colcon.colcon_core.environment:checking '/home/kareem/Desktop/Matem_repo/install/base_control/lib'
[2.567s] Level 1:colcon.colcon_core.environment:checking '/home/kareem/Desktop/Matem_repo/install/base_control/bin'
[2.567s] Level 1:colcon.colcon_core.environment:checking '/home/kareem/Desktop/Matem_repo/install/base_control/lib/pkgconfig/base_control.pc'
[2.567s] Level 1:colcon.colcon_core.environment:checking '/home/kareem/Desktop/Matem_repo/install/base_control/lib/python3.12/site-packages'
[2.568s] Level 1:colcon.colcon_core.shell:create_environment_hook('base_control', 'pythonpath')
[2.568s] INFO:colcon.colcon_core.shell:Creating environment hook '/home/kareem/Desktop/Matem_repo/install/base_control/share/base_control/hook/pythonpath.ps1'
[2.568s] INFO:colcon.colcon_core.shell:Creating environment descriptor '/home/kareem/Desktop/Matem_repo/install/base_control/share/base_control/hook/pythonpath.dsv'
[2.569s] INFO:colcon.colcon_core.shell:Creating environment hook '/home/kareem/Desktop/Matem_repo/install/base_control/share/base_control/hook/pythonpath.sh'
[2.570s] Level 1:colcon.colcon_core.environment:checking '/home/kareem/Desktop/Matem_repo/install/base_control/bin'
[2.570s] Level 1:colcon.colcon_core.environment:create_environment_scripts_only(base_control)
[2.570s] INFO:colcon.colcon_core.shell:Creating package script '/home/kareem/Desktop/Matem_repo/install/base_control/share/base_control/package.ps1'
[2.571s] INFO:colcon.colcon_core.shell:Creating package descriptor '/home/kareem/Desktop/Matem_repo/install/base_control/share/base_control/package.dsv'
[2.571s] INFO:colcon.colcon_core.shell:Creating package script '/home/kareem/Desktop/Matem_repo/install/base_control/share/base_control/package.sh'
[2.572s] INFO:colcon.colcon_core.shell:Creating package script '/home/kareem/Desktop/Matem_repo/install/base_control/share/base_control/package.bash'
[2.572s] INFO:colcon.colcon_core.shell:Creating package script '/home/kareem/Desktop/Matem_repo/install/base_control/share/base_control/package.zsh'
[2.572s] Level 1:colcon.colcon_core.environment:create_file_with_runtime_dependencies(/home/kareem/Desktop/Matem_repo/install/base_control/share/colcon-core/packages/base_control)
[2.573s] INFO:colcon.colcon_ros.task.ament_cmake.build:Building ROS package in '/home/kareem/Desktop/Matem_repo/src/mat_bringup' with build type 'ament_cmake'
[2.573s] INFO:colcon.colcon_cmake.task.cmake.build:Building CMake package in '/home/kareem/Desktop/Matem_repo/src/mat_bringup'
[2.573s] INFO:colcon.colcon_core.shell:Skip shell extension 'powershell' for command environment: Not usable outside of PowerShell
[2.573s] DEBUG:colcon.colcon_core.shell:Skip shell extension 'dsv' for command environment
[2.577s] INFO:colcon.colcon_ros.task.ament_cmake.build:Building ROS package in '/home/kareem/Desktop/Matem_repo/src/matem_bringup' with build type 'ament_cmake'
[2.577s] INFO:colcon.colcon_cmake.task.cmake.build:Building CMake package in '/home/kareem/Desktop/Matem_repo/src/matem_bringup'
[2.578s] INFO:colcon.colcon_core.shell:Skip shell extension 'powershell' for command environment: Not usable outside of PowerShell
[2.578s] DEBUG:colcon.colcon_core.shell:Skip shell extension 'dsv' for command environment
[2.587s] DEBUG:colcon.colcon_core.event_handler.log_command:Invoking command in '/home/kareem/Desktop/Matem_repo/build/mat_bringup': AMENT_PREFIX_PATH=/home/kareem/Desktop/Matem_repo/install/controller_pkg:/home/kareem/Desktop/Matem_repo/install/cam:/home/kareem/Desktop/Matem_repo/install/base_control:/home/kareem/Desktop/Matem_repo/install/arm_description:${AMENT_PREFIX_PATH} CMAKE_PREFIX_PATH=/home/kareem/Desktop/Matem_repo/install/arm_description:/opt/ros/jazzy/opt/gz_math_vendor:/opt/ros/jazzy/opt/gz_utils_vendor:/opt/ros/jazzy/opt/gz_cmake_vendor:/opt/ros/jazzy DEBUGINFOD_URLS=https://debuginfod.ubuntu.com PYTHONPATH=/home/kareem/Desktop/Matem_repo/build/controller_pkg:/home/kareem/Desktop/Matem_repo/install/controller_pkg/lib/python3.12/site-packages:/home/kareem/Desktop/Matem_repo/build/cam:/home/kareem/Desktop/Matem_repo/install/cam/lib/python3.12/site-packages:/home/kareem/Desktop/Matem_repo/build/base_control:/home/kareem/Desktop/Matem_repo/install/base_control/lib/python3.12/site-packages:${PYTHONPATH} /usr/bin/cmake /home/kareem/Desktop/Matem_repo/src/mat_bringup -DAMENT_CMAKE_SYMLINK_INSTALL=1 -DCMAKE_INSTALL_PREFIX=/home/kareem/Desktop/Matem_repo/install/mat_bringup
[2.590s] DEBUG:colcon.colcon_core.event_handler.log_command:Invoking command in '/home/kareem/Desktop/Matem_repo/build/matem_bringup': AMENT_PREFIX_PATH=/home/kareem/Desktop/Matem_repo/install/controller_pkg:/home/kareem/Desktop/Matem_repo/install/cam:/home/kareem/Desktop/Matem_repo/install/base_control:/home/kareem/Desktop/Matem_repo/install/arm_description:${AMENT_PREFIX_PATH} CMAKE_PREFIX_PATH=/home/kareem/Desktop/Matem_repo/install/arm_description:/opt/ros/jazzy/opt/gz_math_vendor:/opt/ros/jazzy/opt/gz_utils_vendor:/opt/ros/jazzy/opt/gz_cmake_vendor:/opt/ros/jazzy DEBUGINFOD_URLS=https://debuginfod.ubuntu.com PYTHONPATH=/home/kareem/Desktop/Matem_repo/build/controller_pkg:/home/kareem/Desktop/Matem_repo/install/controller_pkg/lib/python3.12/site-packages:/home/kareem/Desktop/Matem_repo/build/cam:/home/kareem/Desktop/Matem_repo/install/cam/lib/python3.12/site-packages:/home/kareem/Desktop/Matem_repo/build/base_control:/home/kareem/Desktop/Matem_repo/install/base_control/lib/python3.12/site-packages:${PYTHONPATH} /usr/bin/cmake /home/kareem/Desktop/Matem_repo/src/matem_bringup -DAMENT_CMAKE_SYMLINK_INSTALL=1 -DCMAKE_INSTALL_PREFIX=/home/kareem/Desktop/Matem_repo/install/matem_bringup
[3.527s] DEBUG:colcon.colcon_core.event_handler.log_command:Invoked command in '/home/kareem/Desktop/Matem_repo/build/matem_bringup' returned '0': AMENT_PREFIX_PATH=/home/kareem/Desktop/Matem_repo/install/controller_pkg:/home/kareem/Desktop/Matem_repo/install/cam:/home/kareem/Desktop/Matem_repo/install/base_control:/home/kareem/Desktop/Matem_repo/install/arm_description:${AMENT_PREFIX_PATH} CMAKE_PREFIX_PATH=/home/kareem/Desktop/Matem_repo/install/arm_description:/opt/ros/jazzy/opt/gz_math_vendor:/opt/ros/jazzy/opt/gz_utils_vendor:/opt/ros/jazzy/opt/gz_cmake_vendor:/opt/ros/jazzy DEBUGINFOD_URLS=https://debuginfod.ubuntu.com PYTHONPATH=/home/kareem/Desktop/Matem_repo/build/controller_pkg:/home/kareem/Desktop/Matem_repo/install/controller_pkg/lib/python3.12/site-packages:/home/kareem/Desktop/Matem_repo/build/cam:/home/kareem/Desktop/Matem_repo/install/cam/lib/python3.12/site-packages:/home/kareem/Desktop/Matem_repo/build/base_control:/home/kareem/Desktop/Matem_repo/install/base_control/lib/python3.12/site-packages:${PYTHONPATH} /usr/bin/cmake /home/kareem/Desktop/Matem_repo/src/matem_bringup -DAMENT_CMAKE_SYMLINK_INSTALL=1 -DCMAKE_INSTALL_PREFIX=/home/kareem/Desktop/Matem_repo/install/matem_bringup
[3.529s] DEBUG:colcon.colcon_core.event_handler.log_command:Invoking command in '/home/kareem/Desktop/Matem_repo/build/matem_bringup': AMENT_PREFIX_PATH=/home/kareem/Desktop/Matem_repo/install/controller_pkg:/home/kareem/Desktop/Matem_repo/install/cam:/home/kareem/Desktop/Matem_repo/install/base_control:/home/kareem/Desktop/Matem_repo/install/arm_description:${AMENT_PREFIX_PATH} CMAKE_PREFIX_PATH=/home/kareem/Desktop/Matem_repo/install/arm_description:/opt/ros/jazzy/opt/gz_math_vendor:/opt/ros/jazzy/opt/gz_utils_vendor:/opt/ros/jazzy/opt/gz_cmake_vendor:/opt/ros/jazzy DEBUGINFOD_URLS=https://debuginfod.ubuntu.com PYTHONPATH=/home/kareem/Desktop/Matem_repo/build/controller_pkg:/home/kareem/Desktop/Matem_repo/install/controller_pkg/lib/python3.12/site-packages:/home/kareem/Desktop/Matem_repo/build/cam:/home/kareem/Desktop/Matem_repo/install/cam/lib/python3.12/site-packages:/home/kareem/Desktop/Matem_repo/build/base_control:/home/kareem/Desktop/Matem_repo/install/base_control/lib/python3.12/site-packages:${PYTHONPATH} /usr/bin/cmake --build /home/kareem/Desktop/Matem_repo/build/matem_bringup -- -j20 -l20
[3.571s] DEBUG:colcon.colcon_core.event_handler.log_command:Invoked command in '/home/kareem/Desktop/Matem_repo/build/mat_bringup' returned '0': AMENT_PREFIX_PATH=/home/kareem/Desktop/Matem_repo/install/controller_pkg:/home/kareem/Desktop/Matem_repo/install/cam:/home/kareem/Desktop/Matem_repo/install/base_control:/home/kareem/Desktop/Matem_repo/install/arm_description:${AMENT_PREFIX_PATH} CMAKE_PREFIX_PATH=/home/kareem/Desktop/Matem_repo/install/arm_description:/opt/ros/jazzy/opt/gz_math_vendor:/opt/ros/jazzy/opt/gz_utils_vendor:/opt/ros/jazzy/opt/gz_cmake_vendor:/opt/ros/jazzy DEBUGINFOD_URLS=https://debuginfod.ubuntu.com PYTHONPATH=/home/kareem/Desktop/Matem_repo/build/controller_pkg:/home/kareem/Desktop/Matem_repo/install/controller_pkg/lib/python3.12/site-packages:/home/kareem/Desktop/Matem_repo/build/cam:/home/kareem/Desktop/Matem_repo/install/cam/lib/python3.12/site-packages:/home/kareem/Desktop/Matem_repo/build/base_control:/home/kareem/Desktop/Matem_repo/install/base_control/lib/python3.12/site-packages:${PYTHONPATH} /usr/bin/cmake /home/kareem/Desktop/Matem_repo/src/mat_bringup -DAMENT_CMAKE_SYMLINK_INSTALL=1 -DCMAKE_INSTALL_PREFIX=/home/kareem/Desktop/Matem_repo/install/mat_bringup
[3.572s] DEBUG:colcon.colcon_core.event_handler.log_command:Invoking command in '/home/kareem/Desktop/Matem_repo/build/mat_bringup': AMENT_PREFIX_PATH=/home/kareem/Desktop/Matem_repo/install/controller_pkg:/home/kareem/Desktop/Matem_repo/install/cam:/home/kareem/Desktop/Matem_repo/install/base_control:/home/kareem/Desktop/Matem_repo/install/arm_description:${AMENT_PREFIX_PATH} CMAKE_PREFIX_PATH=/home/kareem/Desktop/Matem_repo/install/arm_description:/opt/ros/jazzy/opt/gz_math_vendor:/opt/ros/jazzy/opt/gz_utils_vendor:/opt/ros/jazzy/opt/gz_cmake_vendor:/opt/ros/jazzy DEBUGINFOD_URLS=https://debuginfod.ubuntu.com PYTHONPATH=/home/kareem/Desktop/Matem_repo/build/controller_pkg:/home/kareem/Desktop/Matem_repo/install/controller_pkg/lib/python3.12/site-packages:/home/kareem/Desktop/Matem_repo/build/cam:/home/kareem/Desktop/Matem_repo/install/cam/lib/python3.12/site-packages:/home/kareem/Desktop/Matem_repo/build/base_control:/home/kareem/Desktop/Matem_repo/install/base_control/lib/python3.12/site-packages:${PYTHONPATH} /usr/bin/cmake --build /home/kareem/Desktop/Matem_repo/build/mat_bringup -- -j20 -l20
[3.581s] DEBUG:colcon.colcon_core.event_handler.log_command:Invoked command in '/home/kareem/Desktop/Matem_repo/build/matem_bringup' returned '0': AMENT_PREFIX_PATH=/home/kareem/Desktop/Matem_repo/install/controller_pkg:/home/kareem/Desktop/Matem_repo/install/cam:/home/kareem/Desktop/Matem_repo/install/base_control:/home/kareem/Desktop/Matem_repo/install/arm_description:${AMENT_PREFIX_PATH} CMAKE_PREFIX_PATH=/home/kareem/Desktop/Matem_repo/install/arm_description:/opt/ros/jazzy/opt/gz_math_vendor:/opt/ros/jazzy/opt/gz_utils_vendor:/opt/ros/jazzy/opt/gz_cmake_vendor:/opt/ros/jazzy DEBUGINFOD_URLS=https://debuginfod.ubuntu.com PYTHONPATH=/home/kareem/Desktop/Matem_repo/build/controller_pkg:/home/kareem/Desktop/Matem_repo/install/controller_pkg/lib/python3.12/site-packages:/home/kareem/Desktop/Matem_repo/build/cam:/home/kareem/Desktop/Matem_repo/install/cam/lib/python3.12/site-packages:/home/kareem/Desktop/Matem_repo/build/base_control:/home/kareem/Desktop/Matem_repo/install/base_control/lib/python3.12/site-packages:${PYTHONPATH} /usr/bin/cmake --build /home/kareem/Desktop/Matem_repo/build/matem_bringup -- -j20 -l20
[3.582s] DEBUG:colcon.colcon_core.event_handler.log_command:Invoking command in '/home/kareem/Desktop/Matem_repo/build/matem_bringup': AMENT_PREFIX_PATH=/home/kareem/Desktop/Matem_repo/install/controller_pkg:/home/kareem/Desktop/Matem_repo/install/cam:/home/kareem/Desktop/Matem_repo/install/base_control:/home/kareem/Desktop/Matem_repo/install/arm_description:${AMENT_PREFIX_PATH} CMAKE_PREFIX_PATH=/home/kareem/Desktop/Matem_repo/install/arm_description:/opt/ros/jazzy/opt/gz_math_vendor:/opt/ros/jazzy/opt/gz_utils_vendor:/opt/ros/jazzy/opt/gz_cmake_vendor:/opt/ros/jazzy DEBUGINFOD_URLS=https://debuginfod.ubuntu.com PYTHONPATH=/home/kareem/Desktop/Matem_repo/build/controller_pkg:/home/kareem/Desktop/Matem_repo/install/controller_pkg/lib/python3.12/site-packages:/home/kareem/Desktop/Matem_repo/build/cam:/home/kareem/Desktop/Matem_repo/install/cam/lib/python3.12/site-packages:/home/kareem/Desktop/Matem_repo/build/base_control:/home/kareem/Desktop/Matem_repo/install/base_control/lib/python3.12/site-packages:${PYTHONPATH} /usr/bin/cmake --install /home/kareem/Desktop/Matem_repo/build/matem_bringup
[3.626s] DEBUG:colcon.colcon_core.event_handler.log_command:Invoked command in '/home/kareem/Desktop/Matem_repo/build/mat_bringup' returned '0': AMENT_PREFIX_PATH=/home/kareem/Desktop/Matem_repo/install/controller_pkg:/home/kareem/Desktop/Matem_repo/install/cam:/home/kareem/Desktop/Matem_repo/install/base_control:/home/kareem/Desktop/Matem_repo/install/arm_description:${AMENT_PREFIX_PATH} CMAKE_PREFIX_PATH=/home/kareem/Desktop/Matem_repo/install/arm_description:/opt/ros/jazzy/opt/gz_math_vendor:/opt/ros/jazzy/opt/gz_utils_vendor:/opt/ros/jazzy/opt/gz_cmake_vendor:/opt/ros/jazzy DEBUGINFOD_URLS=https://debuginfod.ubuntu.com PYTHONPATH=/home/kareem/Desktop/Matem_repo/build/controller_pkg:/home/kareem/Desktop/Matem_repo/install/controller_pkg/lib/python3.12/site-packages:/home/kareem/Desktop/Matem_repo/build/cam:/home/kareem/Desktop/Matem_repo/install/cam/lib/python3.12/site-packages:/home/kareem/Desktop/Matem_repo/build/base_control:/home/kareem/Desktop/Matem_repo/install/base_control/lib/python3.12/site-packages:${PYTHONPATH} /usr/bin/cmake --build /home/kareem/Desktop/Matem_repo/build/mat_bringup -- -j20 -l20
[3.628s] DEBUG:colcon.colcon_core.event_handler.log_command:Invoking command in '/home/kareem/Desktop/Matem_repo/build/mat_bringup': AMENT_PREFIX_PATH=/home/kareem/Desktop/Matem_repo/install/controller_pkg:/home/kareem/Desktop/Matem_repo/install/cam:/home/kareem/Desktop/Matem_repo/install/base_control:/home/kareem/Desktop/Matem_repo/install/arm_description:${AMENT_PREFIX_PATH} CMAKE_PREFIX_PATH=/home/kareem/Desktop/Matem_repo/install/arm_description:/opt/ros/jazzy/opt/gz_math_vendor:/opt/ros/jazzy/opt/gz_utils_vendor:/opt/ros/jazzy/opt/gz_cmake_vendor:/opt/ros/jazzy DEBUGINFOD_URLS=https://debuginfod.ubuntu.com PYTHONPATH=/home/kareem/Desktop/Matem_repo/build/controller_pkg:/home/kareem/Desktop/Matem_repo/install/controller_pkg/lib/python3.12/site-packages:/home/kareem/Desktop/Matem_repo/build/cam:/home/kareem/Desktop/Matem_repo/install/cam/lib/python3.12/site-packages:/home/kareem/Desktop/Matem_repo/build/base_control:/home/kareem/Desktop/Matem_repo/install/base_control/lib/python3.12/site-packages:${PYTHONPATH} /usr/bin/cmake --install /home/kareem/Desktop/Matem_repo/build/mat_bringup
[3.848s] Level 1:colcon.colcon_core.environment:create_environment_scripts_only(matem_bringup)
[3.848s] Level 1:colcon.colcon_core.environment:checking '/home/kareem/Desktop/Matem_repo/install/matem_bringup' for CMake module files
[3.849s] DEBUG:colcon.colcon_core.event_handler.log_command:Invoked command in '/home/kareem/Desktop/Matem_repo/build/matem_bringup' returned '0': AMENT_PREFIX_PATH=/home/kareem/Desktop/Matem_repo/install/controller_pkg:/home/kareem/Desktop/Matem_repo/install/cam:/home/kareem/Desktop/Matem_repo/install/base_control:/home/kareem/Desktop/Matem_repo/install/arm_description:${AMENT_PREFIX_PATH} CMAKE_PREFIX_PATH=/home/kareem/Desktop/Matem_repo/install/arm_description:/opt/ros/jazzy/opt/gz_math_vendor:/opt/ros/jazzy/opt/gz_utils_vendor:/opt/ros/jazzy/opt/gz_cmake_vendor:/opt/ros/jazzy DEBUGINFOD_URLS=https://debuginfod.ubuntu.com PYTHONPATH=/home/kareem/Desktop/Matem_repo/build/controller_pkg:/home/kareem/Desktop/Matem_repo/install/controller_pkg/lib/python3.12/site-packages:/home/kareem/Desktop/Matem_repo/build/cam:/home/kareem/Desktop/Matem_repo/install/cam/lib/python3.12/site-packages:/home/kareem/Desktop/Matem_repo/build/base_control:/home/kareem/Desktop/Matem_repo/install/base_control/lib/python3.12/site-packages:${PYTHONPATH} /usr/bin/cmake --install /home/kareem/Desktop/Matem_repo/build/matem_bringup
[3.850s] Level 1:colcon.colcon_core.environment:checking '/home/kareem/Desktop/Matem_repo/install/matem_bringup' for CMake config files
[3.851s] Level 1:colcon.colcon_core.shell:create_environment_hook('matem_bringup', 'cmake_prefix_path')
[3.851s] INFO:colcon.colcon_core.shell:Creating environment hook '/home/kareem/Desktop/Matem_repo/install/matem_bringup/share/matem_bringup/hook/cmake_prefix_path.ps1'
[3.852s] INFO:colcon.colcon_core.shell:Creating environment descriptor '/home/kareem/Desktop/Matem_repo/install/matem_bringup/share/matem_bringup/hook/cmake_prefix_path.dsv'
[3.852s] INFO:colcon.colcon_core.shell:Creating environment hook '/home/kareem/Desktop/Matem_repo/install/matem_bringup/share/matem_bringup/hook/cmake_prefix_path.sh'
[3.853s] Level 1:colcon.colcon_core.environment:checking '/home/kareem/Desktop/Matem_repo/install/matem_bringup/bin'
[3.853s] Level 1:colcon.colcon_core.environment:checking '/home/kareem/Desktop/Matem_repo/install/matem_bringup/lib/pkgconfig/matem_bringup.pc'
[3.854s] Level 1:colcon.colcon_core.environment:checking '/home/kareem/Desktop/Matem_repo/install/matem_bringup/lib/python3.12/site-packages'
[3.854s] Level 1:colcon.colcon_core.environment:checking '/home/kareem/Desktop/Matem_repo/install/matem_bringup/bin'
[3.855s] INFO:colcon.colcon_core.shell:Creating package script '/home/kareem/Desktop/Matem_repo/install/matem_bringup/share/matem_bringup/package.ps1'
[3.856s] INFO:colcon.colcon_core.shell:Creating package descriptor '/home/kareem/Desktop/Matem_repo/install/matem_bringup/share/matem_bringup/package.dsv'
[3.856s] INFO:colcon.colcon_core.shell:Creating package script '/home/kareem/Desktop/Matem_repo/install/matem_bringup/share/matem_bringup/package.sh'
[3.857s] INFO:colcon.colcon_core.shell:Creating package script '/home/kareem/Desktop/Matem_repo/install/matem_bringup/share/matem_bringup/package.bash'
[3.857s] INFO:colcon.colcon_core.shell:Creating package script '/home/kareem/Desktop/Matem_repo/install/matem_bringup/share/matem_bringup/package.zsh'
[3.858s] Level 1:colcon.colcon_core.environment:create_file_with_runtime_dependencies(/home/kareem/Desktop/Matem_repo/install/matem_bringup/share/colcon-core/packages/matem_bringup)
[3.858s] Level 1:colcon.colcon_core.environment:create_environment_scripts_only(matem_bringup)
[3.859s] Level 1:colcon.colcon_core.environment:checking '/home/kareem/Desktop/Matem_repo/install/matem_bringup' for CMake module files
[3.859s] Level 1:colcon.colcon_core.environment:checking '/home/kareem/Desktop/Matem_repo/install/matem_bringup' for CMake config files
[3.860s] Level 1:colcon.colcon_core.shell:create_environment_hook('matem_bringup', 'cmake_prefix_path')
[3.860s] INFO:colcon.colcon_core.shell:Creating environment hook '/home/kareem/Desktop/Matem_repo/install/matem_bringup/share/matem_bringup/hook/cmake_prefix_path.ps1'
[3.861s] INFO:colcon.colcon_core.shell:Creating environment descriptor '/home/kareem/Desktop/Matem_repo/install/matem_bringup/share/matem_bringup/hook/cmake_prefix_path.dsv'
[3.861s] INFO:colcon.colcon_core.shell:Creating environment hook '/home/kareem/Desktop/Matem_repo/install/matem_bringup/share/matem_bringup/hook/cmake_prefix_path.sh'
[3.862s] Level 1:colcon.colcon_core.environment:checking '/home/kareem/Desktop/Matem_repo/install/matem_bringup/bin'
[3.863s] Level 1:colcon.colcon_core.environment:checking '/home/kareem/Desktop/Matem_repo/install/matem_bringup/lib/pkgconfig/matem_bringup.pc'
[3.863s] Level 1:colcon.colcon_core.environment:checking '/home/kareem/Desktop/Matem_repo/install/matem_bringup/lib/python3.12/site-packages'
[3.864s] Level 1:colcon.colcon_core.environment:checking '/home/kareem/Desktop/Matem_repo/install/matem_bringup/bin'
[3.864s] INFO:colcon.colcon_core.shell:Creating package script '/home/kareem/Desktop/Matem_repo/install/matem_bringup/share/matem_bringup/package.ps1'
[3.865s] INFO:colcon.colcon_core.shell:Creating package descriptor '/home/kareem/Desktop/Matem_repo/install/matem_bringup/share/matem_bringup/package.dsv'
[3.866s] INFO:colcon.colcon_core.shell:Creating package script '/home/kareem/Desktop/Matem_repo/install/matem_bringup/share/matem_bringup/package.sh'
[3.867s] INFO:colcon.colcon_core.shell:Creating package script '/home/kareem/Desktop/Matem_repo/install/matem_bringup/share/matem_bringup/package.bash'
[3.867s] INFO:colcon.colcon_core.shell:Creating package script '/home/kareem/Desktop/Matem_repo/install/matem_bringup/share/matem_bringup/package.zsh'
[3.868s] Level 1:colcon.colcon_core.environment:create_file_with_runtime_dependencies(/home/kareem/Desktop/Matem_repo/install/matem_bringup/share/colcon-core/packages/matem_bringup)
[3.913s] Level 1:colcon.colcon_core.environment:create_environment_scripts_only(mat_bringup)
[3.913s] Level 1:colcon.colcon_core.environment:checking '/home/kareem/Desktop/Matem_repo/install/mat_bringup' for CMake module files
[3.914s] DEBUG:colcon.colcon_core.event_handler.log_command:Invoked command in '/home/kareem/Desktop/Matem_repo/build/mat_bringup' returned '0': AMENT_PREFIX_PATH=/home/kareem/Desktop/Matem_repo/install/controller_pkg:/home/kareem/Desktop/Matem_repo/install/cam:/home/kareem/Desktop/Matem_repo/install/base_control:/home/kareem/Desktop/Matem_repo/install/arm_description:${AMENT_PREFIX_PATH} CMAKE_PREFIX_PATH=/home/kareem/Desktop/Matem_repo/install/arm_description:/opt/ros/jazzy/opt/gz_math_vendor:/opt/ros/jazzy/opt/gz_utils_vendor:/opt/ros/jazzy/opt/gz_cmake_vendor:/opt/ros/jazzy DEBUGINFOD_URLS=https://debuginfod.ubuntu.com PYTHONPATH=/home/kareem/Desktop/Matem_repo/build/controller_pkg:/home/kareem/Desktop/Matem_repo/install/controller_pkg/lib/python3.12/site-packages:/home/kareem/Desktop/Matem_repo/build/cam:/home/kareem/Desktop/Matem_repo/install/cam/lib/python3.12/site-packages:/home/kareem/Desktop/Matem_repo/build/base_control:/home/kareem/Desktop/Matem_repo/install/base_control/lib/python3.12/site-packages:${PYTHONPATH} /usr/bin/cmake --install /home/kareem/Desktop/Matem_repo/build/mat_bringup
[3.915s] Level 1:colcon.colcon_core.environment:checking '/home/kareem/Desktop/Matem_repo/install/mat_bringup' for CMake config files
[3.916s] Level 1:colcon.colcon_core.shell:create_environment_hook('mat_bringup', 'cmake_prefix_path')
[3.916s] INFO:colcon.colcon_core.shell:Creating environment hook '/home/kareem/Desktop/Matem_repo/install/mat_bringup/share/mat_bringup/hook/cmake_prefix_path.ps1'
[3.917s] INFO:colcon.colcon_core.shell:Creating environment descriptor '/home/kareem/Desktop/Matem_repo/install/mat_bringup/share/mat_bringup/hook/cmake_prefix_path.dsv'
[3.917s] INFO:colcon.colcon_core.shell:Creating environment hook '/home/kareem/Desktop/Matem_repo/install/mat_bringup/share/mat_bringup/hook/cmake_prefix_path.sh'
[3.918s] Level 1:colcon.colcon_core.environment:checking '/home/kareem/Desktop/Matem_repo/install/mat_bringup/bin'
[3.918s] Level 1:colcon.colcon_core.environment:checking '/home/kareem/Desktop/Matem_repo/install/mat_bringup/lib/pkgconfig/mat_bringup.pc'
[3.919s] Level 1:colcon.colcon_core.environment:checking '/home/kareem/Desktop/Matem_repo/install/mat_bringup/lib/python3.12/site-packages'
[3.919s] Level 1:colcon.colcon_core.environment:checking '/home/kareem/Desktop/Matem_repo/install/mat_bringup/bin'
[3.919s] INFO:colcon.colcon_core.shell:Creating package script '/home/kareem/Desktop/Matem_repo/install/mat_bringup/share/mat_bringup/package.ps1'
[3.920s] INFO:colcon.colcon_core.shell:Creating package descriptor '/home/kareem/Desktop/Matem_repo/install/mat_bringup/share/mat_bringup/package.dsv'
[3.921s] INFO:colcon.colcon_core.shell:Creating package script '/home/kareem/Desktop/Matem_repo/install/mat_bringup/share/mat_bringup/package.sh'
[3.921s] INFO:colcon.colcon_core.shell:Creating package script '/home/kareem/Desktop/Matem_repo/install/mat_bringup/share/mat_bringup/package.bash'
[3.922s] INFO:colcon.colcon_core.shell:Creating package script '/home/kareem/Desktop/Matem_repo/install/mat_bringup/share/mat_bringup/package.zsh'
[3.922s] Level 1:colcon.colcon_core.environment:create_file_with_runtime_dependencies(/home/kareem/Desktop/Matem_repo/install/mat_bringup/share/colcon-core/packages/mat_bringup)
[3.923s] Level 1:colcon.colcon_core.environment:create_environment_scripts_only(mat_bringup)
[3.923s] Level 1:colcon.colcon_core.environment:checking '/home/kareem/Desktop/Matem_repo/install/mat_bringup' for CMake module files
[3.924s] Level 1:colcon.colcon_core.environment:checking '/home/kareem/Desktop/Matem_repo/install/mat_bringup' for CMake config files
[3.924s] Level 1:colcon.colcon_core.shell:create_environment_hook('mat_bringup', 'cmake_prefix_path')
[3.924s] INFO:colcon.colcon_core.shell:Creating environment hook '/home/kareem/Desktop/Matem_repo/install/mat_bringup/share/mat_bringup/hook/cmake_prefix_path.ps1'
[3.925s] INFO:colcon.colcon_core.shell:Creating environment descriptor '/home/kareem/Desktop/Matem_repo/install/mat_bringup/share/mat_bringup/hook/cmake_prefix_path.dsv'
[3.925s] INFO:colcon.colcon_core.shell:Creating environment hook '/home/kareem/Desktop/Matem_repo/install/mat_bringup/share/mat_bringup/hook/cmake_prefix_path.sh'
[3.926s] Level 1:colcon.colcon_core.environment:checking '/home/kareem/Desktop/Matem_repo/install/mat_bringup/bin'
[3.926s] Level 1:colcon.colcon_core.environment:checking '/home/kareem/Desktop/Matem_repo/install/mat_bringup/lib/pkgconfig/mat_bringup.pc'
[3.927s] Level 1:colcon.colcon_core.environment:checking '/home/kareem/Desktop/Matem_repo/install/mat_bringup/lib/python3.12/site-packages'
[3.927s] Level 1:colcon.colcon_core.environment:checking '/home/kareem/Desktop/Matem_repo/install/mat_bringup/bin'
[3.928s] INFO:colcon.colcon_core.shell:Creating package script '/home/kareem/Desktop/Matem_repo/install/mat_bringup/share/mat_bringup/package.ps1'
[3.929s] INFO:colcon.colcon_core.shell:Creating package descriptor '/home/kareem/Desktop/Matem_repo/install/mat_bringup/share/mat_bringup/package.dsv'
[3.929s] INFO:colcon.colcon_core.shell:Creating package script '/home/kareem/Desktop/Matem_repo/install/mat_bringup/share/mat_bringup/package.sh'
[3.930s] INFO:colcon.colcon_core.shell:Creating package script '/home/kareem/Desktop/Matem_repo/install/mat_bringup/share/mat_bringup/package.bash'
[3.931s] INFO:colcon.colcon_core.shell:Creating package script '/home/kareem/Desktop/Matem_repo/install/mat_bringup/share/mat_bringup/package.zsh'
[3.932s] Level 1:colcon.colcon_core.environment:create_file_with_runtime_dependencies(/home/kareem/Desktop/Matem_repo/install/mat_bringup/share/colcon-core/packages/mat_bringup)
[3.932s] DEBUG:colcon.colcon_parallel_executor.executor.parallel:closing loop
[3.933s] DEBUG:colcon.colcon_parallel_executor.executor.parallel:loop closed
[3.934s] DEBUG:colcon.colcon_parallel_executor.executor.parallel:run_until_complete finished with '0'
[3.934s] DEBUG:colcon.colcon_core.event_reactor:joining thread
[3.945s] INFO:colcon.colcon_core.plugin_system:Skipping extension 'colcon_notification.desktop_notification.terminal_notifier': Not used on non-Darwin systems
[3.945s] INFO:colcon.colcon_core.plugin_system:Skipping extension 'colcon_notification.desktop_notification.win32': Not used on non-Windows systems
[3.945s] INFO:colcon.colcon_notification.desktop_notification:Sending desktop notification using 'notify2'
[3.969s] DEBUG:colcon.colcon_core.event_reactor:joined thread
[3.970s] INFO:colcon.colcon_core.shell:Creating prefix script '/home/kareem/Desktop/Matem_repo/install/local_setup.ps1'
[3.971s] INFO:colcon.colcon_core.shell:Creating prefix util module '/home/kareem/Desktop/Matem_repo/install/_local_setup_util_ps1.py'
[3.972s] INFO:colcon.colcon_core.shell:Creating prefix chain script '/home/kareem/Desktop/Matem_repo/install/setup.ps1'
[3.974s] INFO:colcon.colcon_core.shell:Creating prefix script '/home/kareem/Desktop/Matem_repo/install/local_setup.sh'
[3.975s] INFO:colcon.colcon_core.shell:Creating prefix util module '/home/kareem/Desktop/Matem_repo/install/_local_setup_util_sh.py'
[3.976s] INFO:colcon.colcon_core.shell:Creating prefix chain script '/home/kareem/Desktop/Matem_repo/install/setup.sh'
[3.977s] INFO:colcon.colcon_core.shell:Creating prefix script '/home/kareem/Desktop/Matem_repo/install/local_setup.bash'
[3.978s] INFO:colcon.colcon_core.shell:Creating prefix chain script '/home/kareem/Desktop/Matem_repo/install/setup.bash'
[3.979s] INFO:colcon.colcon_core.shell:Creating prefix script '/home/kareem/Desktop/Matem_repo/install/local_setup.zsh'
[3.980s] INFO:colcon.colcon_core.shell:Creating prefix chain script '/home/kareem/Desktop/Matem_repo/install/setup.zsh'
