[0.013s] Invoking command in '/home/kareem/Desktop/Matem_repo/build/matem_bringup': AMENT_PREFIX_PATH=/home/kareem/Desktop/Matem_repo/install/controller_pkg:/home/kareem/Desktop/Matem_repo/install/cam:/home/kareem/Desktop/Matem_repo/install/base_control:/home/kareem/Desktop/Matem_repo/install/arm_description:${AMENT_PREFIX_PATH} CMAKE_PREFIX_PATH=/home/kareem/Desktop/Matem_repo/install/arm_description:/opt/ros/jazzy/opt/gz_math_vendor:/opt/ros/jazzy/opt/gz_utils_vendor:/opt/ros/jazzy/opt/gz_cmake_vendor:/opt/ros/jazzy DEBUGINFOD_URLS=https://debuginfod.ubuntu.com PYTHONPATH=/home/kareem/Desktop/Matem_repo/build/controller_pkg:/home/kareem/Desktop/Matem_repo/install/controller_pkg/lib/python3.12/site-packages:/home/kareem/Desktop/Matem_repo/build/cam:/home/kareem/Desktop/Matem_repo/install/cam/lib/python3.12/site-packages:/home/kareem/Desktop/Matem_repo/build/base_control:/home/kareem/Desktop/Matem_repo/install/base_control/lib/python3.12/site-packages:${PYTHONPATH} /usr/bin/cmake /home/kareem/Desktop/Matem_repo/src/matem_bringup -DAMENT_CMAKE_SYMLINK_INSTALL=1 -DCMAKE_INSTALL_PREFIX=/home/kareem/Desktop/Matem_repo/install/matem_bringup
[0.085s] -- The C compiler identification is GNU 13.3.0
[0.169s] -- The CXX compiler identification is GNU 13.3.0
[0.191s] -- Detecting C compiler ABI info
[0.305s] -- Detecting C compiler ABI info - done
[0.316s] -- Check for working C compiler: /usr/bin/cc - skipped
[0.316s] -- Detecting C compile features
[0.317s] -- Detecting C compile features - done
[0.330s] -- Detecting CXX compiler ABI info
[0.454s] -- Detecting CXX compiler ABI info - done
[0.466s] -- Check for working CXX compiler: /usr/bin/c++ - skipped
[0.466s] -- Detecting CXX compile features
[0.466s] -- Detecting CXX compile features - done
[0.469s] -- Found ament_cmake: 2.5.5 (/opt/ros/jazzy/share/ament_cmake/cmake)
[0.672s] -- Found Python3: /usr/bin/python3 (found version "3.12.3") found components: Interpreter 
[0.779s] -- Override CMake install command with custom implementation using symlinks instead of copying resources
[0.808s] -- Found ament_lint_auto: 0.17.4 (/opt/ros/jazzy/share/ament_lint_auto/cmake)
[0.934s] -- Added test 'flake8' to check Python code syntax and style conventions
[0.934s] -- Configured 'flake8' exclude dirs and/or files: 
[0.935s] -- Added test 'lint_cmake' to check CMake code style
[0.936s] -- Added test 'pep257' to check Python code against some of the docstring style conventions in PEP 257
[0.936s] -- Added test 'xmllint' to check XML markup files
[0.938s] -- Configuring done (0.9s)
[0.941s] -- Generating done (0.0s)
[0.942s] -- Build files have been written to: /home/kareem/Desktop/Matem_repo/build/matem_bringup
[0.950s] Invoked command in '/home/kareem/Desktop/Matem_repo/build/matem_bringup' returned '0': AMENT_PREFIX_PATH=/home/kareem/Desktop/Matem_repo/install/controller_pkg:/home/kareem/Desktop/Matem_repo/install/cam:/home/kareem/Desktop/Matem_repo/install/base_control:/home/kareem/Desktop/Matem_repo/install/arm_description:${AMENT_PREFIX_PATH} CMAKE_PREFIX_PATH=/home/kareem/Desktop/Matem_repo/install/arm_description:/opt/ros/jazzy/opt/gz_math_vendor:/opt/ros/jazzy/opt/gz_utils_vendor:/opt/ros/jazzy/opt/gz_cmake_vendor:/opt/ros/jazzy DEBUGINFOD_URLS=https://debuginfod.ubuntu.com PYTHONPATH=/home/kareem/Desktop/Matem_repo/build/controller_pkg:/home/kareem/Desktop/Matem_repo/install/controller_pkg/lib/python3.12/site-packages:/home/kareem/Desktop/Matem_repo/build/cam:/home/kareem/Desktop/Matem_repo/install/cam/lib/python3.12/site-packages:/home/kareem/Desktop/Matem_repo/build/base_control:/home/kareem/Desktop/Matem_repo/install/base_control/lib/python3.12/site-packages:${PYTHONPATH} /usr/bin/cmake /home/kareem/Desktop/Matem_repo/src/matem_bringup -DAMENT_CMAKE_SYMLINK_INSTALL=1 -DCMAKE_INSTALL_PREFIX=/home/kareem/Desktop/Matem_repo/install/matem_bringup
[0.951s] Invoking command in '/home/kareem/Desktop/Matem_repo/build/matem_bringup': AMENT_PREFIX_PATH=/home/kareem/Desktop/Matem_repo/install/controller_pkg:/home/kareem/Desktop/Matem_repo/install/cam:/home/kareem/Desktop/Matem_repo/install/base_control:/home/kareem/Desktop/Matem_repo/install/arm_description:${AMENT_PREFIX_PATH} CMAKE_PREFIX_PATH=/home/kareem/Desktop/Matem_repo/install/arm_description:/opt/ros/jazzy/opt/gz_math_vendor:/opt/ros/jazzy/opt/gz_utils_vendor:/opt/ros/jazzy/opt/gz_cmake_vendor:/opt/ros/jazzy DEBUGINFOD_URLS=https://debuginfod.ubuntu.com PYTHONPATH=/home/kareem/Desktop/Matem_repo/build/controller_pkg:/home/kareem/Desktop/Matem_repo/install/controller_pkg/lib/python3.12/site-packages:/home/kareem/Desktop/Matem_repo/build/cam:/home/kareem/Desktop/Matem_repo/install/cam/lib/python3.12/site-packages:/home/kareem/Desktop/Matem_repo/build/base_control:/home/kareem/Desktop/Matem_repo/install/base_control/lib/python3.12/site-packages:${PYTHONPATH} /usr/bin/cmake --build /home/kareem/Desktop/Matem_repo/build/matem_bringup -- -j20 -l20
[1.003s] Invoked command in '/home/kareem/Desktop/Matem_repo/build/matem_bringup' returned '0': AMENT_PREFIX_PATH=/home/kareem/Desktop/Matem_repo/install/controller_pkg:/home/kareem/Desktop/Matem_repo/install/cam:/home/kareem/Desktop/Matem_repo/install/base_control:/home/kareem/Desktop/Matem_repo/install/arm_description:${AMENT_PREFIX_PATH} CMAKE_PREFIX_PATH=/home/kareem/Desktop/Matem_repo/install/arm_description:/opt/ros/jazzy/opt/gz_math_vendor:/opt/ros/jazzy/opt/gz_utils_vendor:/opt/ros/jazzy/opt/gz_cmake_vendor:/opt/ros/jazzy DEBUGINFOD_URLS=https://debuginfod.ubuntu.com PYTHONPATH=/home/kareem/Desktop/Matem_repo/build/controller_pkg:/home/kareem/Desktop/Matem_repo/install/controller_pkg/lib/python3.12/site-packages:/home/kareem/Desktop/Matem_repo/build/cam:/home/kareem/Desktop/Matem_repo/install/cam/lib/python3.12/site-packages:/home/kareem/Desktop/Matem_repo/build/base_control:/home/kareem/Desktop/Matem_repo/install/base_control/lib/python3.12/site-packages:${PYTHONPATH} /usr/bin/cmake --build /home/kareem/Desktop/Matem_repo/build/matem_bringup -- -j20 -l20
[1.005s] Invoking command in '/home/kareem/Desktop/Matem_repo/build/matem_bringup': AMENT_PREFIX_PATH=/home/kareem/Desktop/Matem_repo/install/controller_pkg:/home/kareem/Desktop/Matem_repo/install/cam:/home/kareem/Desktop/Matem_repo/install/base_control:/home/kareem/Desktop/Matem_repo/install/arm_description:${AMENT_PREFIX_PATH} CMAKE_PREFIX_PATH=/home/kareem/Desktop/Matem_repo/install/arm_description:/opt/ros/jazzy/opt/gz_math_vendor:/opt/ros/jazzy/opt/gz_utils_vendor:/opt/ros/jazzy/opt/gz_cmake_vendor:/opt/ros/jazzy DEBUGINFOD_URLS=https://debuginfod.ubuntu.com PYTHONPATH=/home/kareem/Desktop/Matem_repo/build/controller_pkg:/home/kareem/Desktop/Matem_repo/install/controller_pkg/lib/python3.12/site-packages:/home/kareem/Desktop/Matem_repo/build/cam:/home/kareem/Desktop/Matem_repo/install/cam/lib/python3.12/site-packages:/home/kareem/Desktop/Matem_repo/build/base_control:/home/kareem/Desktop/Matem_repo/install/base_control/lib/python3.12/site-packages:${PYTHONPATH} /usr/bin/cmake --install /home/kareem/Desktop/Matem_repo/build/matem_bringup
[1.014s] -- Install configuration: ""
[1.015s] -- Execute custom install script
[1.015s] -- Symlinking: /home/kareem/Desktop/Matem_repo/install/matem_bringup/share/matem_bringup/launch/manual_control_launch.py
[1.025s] -- Symlinking: /home/kareem/Desktop/Matem_repo/install/matem_bringup/share/matem_bringup/launch/viz.launch.py
[1.037s] -- Symlinking: /home/kareem/Desktop/Matem_repo/install/matem_bringup/share/matem_bringup/config/base_ps4_config.yaml
[1.051s] -- Symlinking: /home/kareem/Desktop/Matem_repo/install/matem_bringup/share/ament_index/resource_index/package_run_dependencies/matem_bringup
[1.065s] -- Symlinking: /home/kareem/Desktop/Matem_repo/install/matem_bringup/share/ament_index/resource_index/parent_prefix_path/matem_bringup
[1.080s] -- Symlinking: /home/kareem/Desktop/Matem_repo/install/matem_bringup/share/matem_bringup/environment/ament_prefix_path.sh
[1.094s] -- Symlinking: /home/kareem/Desktop/Matem_repo/install/matem_bringup/share/matem_bringup/environment/ament_prefix_path.dsv
[1.109s] -- Symlinking: /home/kareem/Desktop/Matem_repo/install/matem_bringup/share/matem_bringup/environment/path.sh
[1.125s] -- Symlinking: /home/kareem/Desktop/Matem_repo/install/matem_bringup/share/matem_bringup/environment/path.dsv
[1.140s] -- Symlinking: /home/kareem/Desktop/Matem_repo/install/matem_bringup/share/matem_bringup/local_setup.bash
[1.154s] -- Symlinking: /home/kareem/Desktop/Matem_repo/install/matem_bringup/share/matem_bringup/local_setup.sh
[1.170s] -- Symlinking: /home/kareem/Desktop/Matem_repo/install/matem_bringup/share/matem_bringup/local_setup.zsh
[1.185s] -- Symlinking: /home/kareem/Desktop/Matem_repo/install/matem_bringup/share/matem_bringup/local_setup.dsv
[1.199s] -- Symlinking: /home/kareem/Desktop/Matem_repo/install/matem_bringup/share/matem_bringup/package.dsv
[1.212s] -- Symlinking: /home/kareem/Desktop/Matem_repo/install/matem_bringup/share/ament_index/resource_index/packages/matem_bringup
[1.226s] -- Symlinking: /home/kareem/Desktop/Matem_repo/install/matem_bringup/share/matem_bringup/cmake/matem_bringupConfig.cmake
[1.239s] -- Symlinking: /home/kareem/Desktop/Matem_repo/install/matem_bringup/share/matem_bringup/cmake/matem_bringupConfig-version.cmake
[1.253s] -- Symlinking: /home/kareem/Desktop/Matem_repo/install/matem_bringup/share/matem_bringup/package.xml
[1.272s] Invoked command in '/home/kareem/Desktop/Matem_repo/build/matem_bringup' returned '0': AMENT_PREFIX_PATH=/home/kareem/Desktop/Matem_repo/install/controller_pkg:/home/kareem/Desktop/Matem_repo/install/cam:/home/kareem/Desktop/Matem_repo/install/base_control:/home/kareem/Desktop/Matem_repo/install/arm_description:${AMENT_PREFIX_PATH} CMAKE_PREFIX_PATH=/home/kareem/Desktop/Matem_repo/install/arm_description:/opt/ros/jazzy/opt/gz_math_vendor:/opt/ros/jazzy/opt/gz_utils_vendor:/opt/ros/jazzy/opt/gz_cmake_vendor:/opt/ros/jazzy DEBUGINFOD_URLS=https://debuginfod.ubuntu.com PYTHONPATH=/home/kareem/Desktop/Matem_repo/build/controller_pkg:/home/kareem/Desktop/Matem_repo/install/controller_pkg/lib/python3.12/site-packages:/home/kareem/Desktop/Matem_repo/build/cam:/home/kareem/Desktop/Matem_repo/install/cam/lib/python3.12/site-packages:/home/kareem/Desktop/Matem_repo/build/base_control:/home/kareem/Desktop/Matem_repo/install/base_control/lib/python3.12/site-packages:${PYTHONPATH} /usr/bin/cmake --install /home/kareem/Desktop/Matem_repo/build/matem_bringup
