[0.013s] Invoking command in '/home/kareem/Desktop/Matem_repo/build/mat_bringup': AMENT_PREFIX_PATH=/home/kareem/Desktop/Matem_repo/install/controller_pkg:/home/kareem/Desktop/Matem_repo/install/cam:/home/kareem/Desktop/Matem_repo/install/base_control:/home/kareem/Desktop/Matem_repo/install/arm_description:${AMENT_PREFIX_PATH} CMAKE_PREFIX_PATH=/home/kareem/Desktop/Matem_repo/install/arm_description:/opt/ros/jazzy/opt/gz_math_vendor:/opt/ros/jazzy/opt/gz_utils_vendor:/opt/ros/jazzy/opt/gz_cmake_vendor:/opt/ros/jazzy DEBUGINFOD_URLS=https://debuginfod.ubuntu.com PYTHONPATH=/home/kareem/Desktop/Matem_repo/build/controller_pkg:/home/kareem/Desktop/Matem_repo/install/controller_pkg/lib/python3.12/site-packages:/home/kareem/Desktop/Matem_repo/build/cam:/home/kareem/Desktop/Matem_repo/install/cam/lib/python3.12/site-packages:/home/kareem/Desktop/Matem_repo/build/base_control:/home/kareem/Desktop/Matem_repo/install/base_control/lib/python3.12/site-packages:${PYTHONPATH} /usr/bin/cmake /home/kareem/Desktop/Matem_repo/src/mat_bringup -DAMENT_CMAKE_SYMLINK_INSTALL=1 -DCMAKE_INSTALL_PREFIX=/home/kareem/Desktop/Matem_repo/install/mat_bringup
[0.088s] -- The C compiler identification is GNU 13.3.0
[0.171s] -- The CXX compiler identification is GNU 13.3.0
[0.192s] -- Detecting C compiler ABI info
[0.308s] -- Detecting C compiler ABI info - done
[0.319s] -- Check for working C compiler: /usr/bin/cc - skipped
[0.320s] -- Detecting C compile features
[0.320s] -- Detecting C compile features - done
[0.331s] -- Detecting CXX compiler ABI info
[0.457s] -- Detecting CXX compiler ABI info - done
[0.470s] -- Check for working CXX compiler: /usr/bin/c++ - skipped
[0.471s] -- Detecting CXX compile features
[0.472s] -- Detecting CXX compile features - done
[0.476s] -- Found ament_cmake: 2.5.5 (/opt/ros/jazzy/share/ament_cmake/cmake)
[0.711s] -- Found Python3: /usr/bin/python3 (found version "3.12.3") found components: Interpreter 
[0.819s] -- Override CMake install command with custom implementation using symlinks instead of copying resources
[0.848s] -- Found ament_lint_auto: 0.17.4 (/opt/ros/jazzy/share/ament_lint_auto/cmake)
[0.981s] -- Added test 'flake8' to check Python code syntax and style conventions
[0.981s] -- Configured 'flake8' exclude dirs and/or files: 
[0.982s] -- Added test 'lint_cmake' to check CMake code style
[0.982s] -- Added test 'pep257' to check Python code against some of the docstring style conventions in PEP 257
[0.983s] -- Added test 'xmllint' to check XML markup files
[0.985s] -- Configuring done (1.0s)
[0.988s] -- Generating done (0.0s)
[0.990s] -- Build files have been written to: /home/kareem/Desktop/Matem_repo/build/mat_bringup
[0.997s] Invoked command in '/home/kareem/Desktop/Matem_repo/build/mat_bringup' returned '0': AMENT_PREFIX_PATH=/home/kareem/Desktop/Matem_repo/install/controller_pkg:/home/kareem/Desktop/Matem_repo/install/cam:/home/kareem/Desktop/Matem_repo/install/base_control:/home/kareem/Desktop/Matem_repo/install/arm_description:${AMENT_PREFIX_PATH} CMAKE_PREFIX_PATH=/home/kareem/Desktop/Matem_repo/install/arm_description:/opt/ros/jazzy/opt/gz_math_vendor:/opt/ros/jazzy/opt/gz_utils_vendor:/opt/ros/jazzy/opt/gz_cmake_vendor:/opt/ros/jazzy DEBUGINFOD_URLS=https://debuginfod.ubuntu.com PYTHONPATH=/home/kareem/Desktop/Matem_repo/build/controller_pkg:/home/kareem/Desktop/Matem_repo/install/controller_pkg/lib/python3.12/site-packages:/home/kareem/Desktop/Matem_repo/build/cam:/home/kareem/Desktop/Matem_repo/install/cam/lib/python3.12/site-packages:/home/kareem/Desktop/Matem_repo/build/base_control:/home/kareem/Desktop/Matem_repo/install/base_control/lib/python3.12/site-packages:${PYTHONPATH} /usr/bin/cmake /home/kareem/Desktop/Matem_repo/src/mat_bringup -DAMENT_CMAKE_SYMLINK_INSTALL=1 -DCMAKE_INSTALL_PREFIX=/home/kareem/Desktop/Matem_repo/install/mat_bringup
[0.998s] Invoking command in '/home/kareem/Desktop/Matem_repo/build/mat_bringup': AMENT_PREFIX_PATH=/home/kareem/Desktop/Matem_repo/install/controller_pkg:/home/kareem/Desktop/Matem_repo/install/cam:/home/kareem/Desktop/Matem_repo/install/base_control:/home/kareem/Desktop/Matem_repo/install/arm_description:${AMENT_PREFIX_PATH} CMAKE_PREFIX_PATH=/home/kareem/Desktop/Matem_repo/install/arm_description:/opt/ros/jazzy/opt/gz_math_vendor:/opt/ros/jazzy/opt/gz_utils_vendor:/opt/ros/jazzy/opt/gz_cmake_vendor:/opt/ros/jazzy DEBUGINFOD_URLS=https://debuginfod.ubuntu.com PYTHONPATH=/home/kareem/Desktop/Matem_repo/build/controller_pkg:/home/kareem/Desktop/Matem_repo/install/controller_pkg/lib/python3.12/site-packages:/home/kareem/Desktop/Matem_repo/build/cam:/home/kareem/Desktop/Matem_repo/install/cam/lib/python3.12/site-packages:/home/kareem/Desktop/Matem_repo/build/base_control:/home/kareem/Desktop/Matem_repo/install/base_control/lib/python3.12/site-packages:${PYTHONPATH} /usr/bin/cmake --build /home/kareem/Desktop/Matem_repo/build/mat_bringup -- -j20 -l20
[1.052s] Invoked command in '/home/kareem/Desktop/Matem_repo/build/mat_bringup' returned '0': AMENT_PREFIX_PATH=/home/kareem/Desktop/Matem_repo/install/controller_pkg:/home/kareem/Desktop/Matem_repo/install/cam:/home/kareem/Desktop/Matem_repo/install/base_control:/home/kareem/Desktop/Matem_repo/install/arm_description:${AMENT_PREFIX_PATH} CMAKE_PREFIX_PATH=/home/kareem/Desktop/Matem_repo/install/arm_description:/opt/ros/jazzy/opt/gz_math_vendor:/opt/ros/jazzy/opt/gz_utils_vendor:/opt/ros/jazzy/opt/gz_cmake_vendor:/opt/ros/jazzy DEBUGINFOD_URLS=https://debuginfod.ubuntu.com PYTHONPATH=/home/kareem/Desktop/Matem_repo/build/controller_pkg:/home/kareem/Desktop/Matem_repo/install/controller_pkg/lib/python3.12/site-packages:/home/kareem/Desktop/Matem_repo/build/cam:/home/kareem/Desktop/Matem_repo/install/cam/lib/python3.12/site-packages:/home/kareem/Desktop/Matem_repo/build/base_control:/home/kareem/Desktop/Matem_repo/install/base_control/lib/python3.12/site-packages:${PYTHONPATH} /usr/bin/cmake --build /home/kareem/Desktop/Matem_repo/build/mat_bringup -- -j20 -l20
[1.054s] Invoking command in '/home/kareem/Desktop/Matem_repo/build/mat_bringup': AMENT_PREFIX_PATH=/home/kareem/Desktop/Matem_repo/install/controller_pkg:/home/kareem/Desktop/Matem_repo/install/cam:/home/kareem/Desktop/Matem_repo/install/base_control:/home/kareem/Desktop/Matem_repo/install/arm_description:${AMENT_PREFIX_PATH} CMAKE_PREFIX_PATH=/home/kareem/Desktop/Matem_repo/install/arm_description:/opt/ros/jazzy/opt/gz_math_vendor:/opt/ros/jazzy/opt/gz_utils_vendor:/opt/ros/jazzy/opt/gz_cmake_vendor:/opt/ros/jazzy DEBUGINFOD_URLS=https://debuginfod.ubuntu.com PYTHONPATH=/home/kareem/Desktop/Matem_repo/build/controller_pkg:/home/kareem/Desktop/Matem_repo/install/controller_pkg/lib/python3.12/site-packages:/home/kareem/Desktop/Matem_repo/build/cam:/home/kareem/Desktop/Matem_repo/install/cam/lib/python3.12/site-packages:/home/kareem/Desktop/Matem_repo/build/base_control:/home/kareem/Desktop/Matem_repo/install/base_control/lib/python3.12/site-packages:${PYTHONPATH} /usr/bin/cmake --install /home/kareem/Desktop/Matem_repo/build/mat_bringup
[1.067s] -- Install configuration: ""
[1.067s] -- Execute custom install script
[1.068s] -- Symlinking: /home/kareem/Desktop/Matem_repo/install/mat_bringup/share/mat_bringup/launch/manual_control_launch.py
[1.079s] -- Symlinking: /home/kareem/Desktop/Matem_repo/install/mat_bringup/share/mat_bringup/launch/viz.launch.py
[1.092s] -- Symlinking: /home/kareem/Desktop/Matem_repo/install/mat_bringup/share/mat_bringup/config/base_ps4_config.yaml
[1.106s] -- Symlinking: /home/kareem/Desktop/Matem_repo/install/mat_bringup/share/ament_index/resource_index/package_run_dependencies/mat_bringup
[1.122s] -- Symlinking: /home/kareem/Desktop/Matem_repo/install/mat_bringup/share/ament_index/resource_index/parent_prefix_path/mat_bringup
[1.140s] -- Symlinking: /home/kareem/Desktop/Matem_repo/install/mat_bringup/share/mat_bringup/environment/ament_prefix_path.sh
[1.156s] -- Symlinking: /home/kareem/Desktop/Matem_repo/install/mat_bringup/share/mat_bringup/environment/ament_prefix_path.dsv
[1.173s] -- Symlinking: /home/kareem/Desktop/Matem_repo/install/mat_bringup/share/mat_bringup/environment/path.sh
[1.188s] -- Symlinking: /home/kareem/Desktop/Matem_repo/install/mat_bringup/share/mat_bringup/environment/path.dsv
[1.204s] -- Symlinking: /home/kareem/Desktop/Matem_repo/install/mat_bringup/share/mat_bringup/local_setup.bash
[1.219s] -- Symlinking: /home/kareem/Desktop/Matem_repo/install/mat_bringup/share/mat_bringup/local_setup.sh
[1.233s] -- Symlinking: /home/kareem/Desktop/Matem_repo/install/mat_bringup/share/mat_bringup/local_setup.zsh
[1.247s] -- Symlinking: /home/kareem/Desktop/Matem_repo/install/mat_bringup/share/mat_bringup/local_setup.dsv
[1.262s] -- Symlinking: /home/kareem/Desktop/Matem_repo/install/mat_bringup/share/mat_bringup/package.dsv
[1.276s] -- Symlinking: /home/kareem/Desktop/Matem_repo/install/mat_bringup/share/ament_index/resource_index/packages/mat_bringup
[1.291s] -- Symlinking: /home/kareem/Desktop/Matem_repo/install/mat_bringup/share/mat_bringup/cmake/mat_bringupConfig.cmake
[1.305s] -- Symlinking: /home/kareem/Desktop/Matem_repo/install/mat_bringup/share/mat_bringup/cmake/mat_bringupConfig-version.cmake
[1.319s] -- Symlinking: /home/kareem/Desktop/Matem_repo/install/mat_bringup/share/mat_bringup/package.xml
[1.340s] Invoked command in '/home/kareem/Desktop/Matem_repo/build/mat_bringup' returned '0': AMENT_PREFIX_PATH=/home/kareem/Desktop/Matem_repo/install/controller_pkg:/home/kareem/Desktop/Matem_repo/install/cam:/home/kareem/Desktop/Matem_repo/install/base_control:/home/kareem/Desktop/Matem_repo/install/arm_description:${AMENT_PREFIX_PATH} CMAKE_PREFIX_PATH=/home/kareem/Desktop/Matem_repo/install/arm_description:/opt/ros/jazzy/opt/gz_math_vendor:/opt/ros/jazzy/opt/gz_utils_vendor:/opt/ros/jazzy/opt/gz_cmake_vendor:/opt/ros/jazzy DEBUGINFOD_URLS=https://debuginfod.ubuntu.com PYTHONPATH=/home/kareem/Desktop/Matem_repo/build/controller_pkg:/home/kareem/Desktop/Matem_repo/install/controller_pkg/lib/python3.12/site-packages:/home/kareem/Desktop/Matem_repo/build/cam:/home/kareem/Desktop/Matem_repo/install/cam/lib/python3.12/site-packages:/home/kareem/Desktop/Matem_repo/build/base_control:/home/kareem/Desktop/Matem_repo/install/base_control/lib/python3.12/site-packages:${PYTHONPATH} /usr/bin/cmake --install /home/kareem/Desktop/Matem_repo/build/mat_bringup
