running develop
running egg_info
creating controller_pkg.egg-info
writing controller_pkg.egg-info/PKG-INFO
writing dependency_links to controller_pkg.egg-info/dependency_links.txt
writing entry points to controller_pkg.egg-info/entry_points.txt
writing requirements to controller_pkg.egg-info/requires.txt
writing top-level names to controller_pkg.egg-info/top_level.txt
writing manifest file 'controller_pkg.egg-info/SOURCES.txt'
reading manifest file 'controller_pkg.egg-info/SOURCES.txt'
writing manifest file 'controller_pkg.egg-info/SOURCES.txt'
running build_ext
Creating /home/kareem/Desktop/Matem_repo/install/controller_pkg/lib/python3.12/site-packages/controller-pkg.egg-link (link to .)
Installing arm_input_node script to /home/kareem/Desktop/Matem_repo/install/controller_pkg/lib/controller_pkg
Installing cyl_ik_node script to /home/kareem/Desktop/Matem_repo/install/controller_pkg/lib/controller_pkg
Installing serial_bridge_node script to /home/kareem/Desktop/Matem_repo/install/controller_pkg/lib/controller_pkg

Installed /home/kareem/Desktop/Matem_repo/build/controller_pkg
running symlink_data
creating /home/kareem/Desktop/Matem_repo/install/controller_pkg/share/ament_index
creating /home/kareem/Desktop/Matem_repo/install/controller_pkg/share/ament_index/resource_index
creating /home/kareem/Desktop/Matem_repo/install/controller_pkg/share/ament_index/resource_index/packages
symbolically linking /home/kareem/Desktop/Matem_repo/build/controller_pkg/resource/controller_pkg -> /home/kareem/Desktop/Matem_repo/install/controller_pkg/share/ament_index/resource_index/packages
symbolically linking /home/kareem/Desktop/Matem_repo/build/controller_pkg/package.xml -> /home/kareem/Desktop/Matem_repo/install/controller_pkg/share/controller_pkg
