[1.511s] Invoking command in '/home/kareem/Desktop/Matem_repo/build/controller_pkg': DEBUGINFOD_URLS=https://debuginfod.ubuntu.com PYTHONPATH=/home/kareem/Desktop/Matem_repo/build/controller_pkg/prefix_override:/usr/lib/python3/dist-packages/colcon_core/task/python/colcon_distutils_commands:/home/kareem/Desktop/Matem_repo/install/controller_pkg/lib/python3.12/site-packages:${PYTHONPATH} /usr/bin/python3 -W ignore:setup.py install is deprecated -W ignore:easy_install command is deprecated setup.py develop --editable --build-directory /home/kareem/Desktop/Matem_repo/build/controller_pkg/build --no-deps symlink_data
[1.864s] running develop
[2.071s] running egg_info
[2.072s] creating controller_pkg.egg-info
[2.091s] writing controller_pkg.egg-info/PKG-INFO
[2.092s] writing dependency_links to controller_pkg.egg-info/dependency_links.txt
[2.092s] writing entry points to controller_pkg.egg-info/entry_points.txt
[2.092s] writing requirements to controller_pkg.egg-info/requires.txt
[2.092s] writing top-level names to controller_pkg.egg-info/top_level.txt
[2.092s] writing manifest file 'controller_pkg.egg-info/SOURCES.txt'
[2.135s] reading manifest file 'controller_pkg.egg-info/SOURCES.txt'
[2.136s] writing manifest file 'controller_pkg.egg-info/SOURCES.txt'
[2.158s] running build_ext
[2.158s] Creating /home/kareem/Desktop/Matem_repo/install/controller_pkg/lib/python3.12/site-packages/controller-pkg.egg-link (link to .)
[2.159s] Installing arm_input_node script to /home/kareem/Desktop/Matem_repo/install/controller_pkg/lib/controller_pkg
[2.160s] Installing cyl_ik_node script to /home/kareem/Desktop/Matem_repo/install/controller_pkg/lib/controller_pkg
[2.160s] Installing serial_bridge_node script to /home/kareem/Desktop/Matem_repo/install/controller_pkg/lib/controller_pkg
[2.160s] 
[2.160s] Installed /home/kareem/Desktop/Matem_repo/build/controller_pkg
[2.160s] running symlink_data
[2.160s] creating /home/kareem/Desktop/Matem_repo/install/controller_pkg/share/ament_index
[2.160s] creating /home/kareem/Desktop/Matem_repo/install/controller_pkg/share/ament_index/resource_index
[2.160s] creating /home/kareem/Desktop/Matem_repo/install/controller_pkg/share/ament_index/resource_index/packages
[2.160s] symbolically linking /home/kareem/Desktop/Matem_repo/build/controller_pkg/resource/controller_pkg -> /home/kareem/Desktop/Matem_repo/install/controller_pkg/share/ament_index/resource_index/packages
[2.161s] symbolically linking /home/kareem/Desktop/Matem_repo/build/controller_pkg/package.xml -> /home/kareem/Desktop/Matem_repo/install/controller_pkg/share/controller_pkg
[2.218s] Invoked command in '/home/kareem/Desktop/Matem_repo/build/controller_pkg' returned '0': DEBUGINFOD_URLS=https://debuginfod.ubuntu.com PYTHONPATH=/home/kareem/Desktop/Matem_repo/build/controller_pkg/prefix_override:/usr/lib/python3/dist-packages/colcon_core/task/python/colcon_distutils_commands:/home/kareem/Desktop/Matem_repo/install/controller_pkg/lib/python3.12/site-packages:${PYTHONPATH} /usr/bin/python3 -W ignore:setup.py install is deprecated -W ignore:easy_install command is deprecated setup.py develop --editable --build-directory /home/kareem/Desktop/Matem_repo/build/controller_pkg/build --no-deps symlink_data
